# serializer version: 1
# name: test_pipeline_preserves_random_data
  '''
  AZZyCyUh3QJZ9D5M7n8F9fXDqAGMFKUaKaLs4SjLH/TFvTfxxozVDN/YPWJ7/7O3
  aOEO5UwPhAVqKnUtFOwv5WjfMIM/ZnYfzkZFCe5DwkPg80RH0T2Sgx9GXyO+Ex7Q
  7gHJQ/j1l166wbbS9qGq2M9SC9IcubpVuw7COD2f0EQN/35aviaTn9z2+IlRdtxU
  ezZ3vm45yAN1zlelG+913adIlKym5Kon06yeD0RmFDHZ4JKx+XJsL30CyaR3ThO4
  ug2sX61aOcjvT1L5P/VyUzQ8CNzYMQCM7zEyV6hi2qtQ4AhVgxQCb1Vz7u6+RNWT
  QmjxuQ/YKQ6CyJ90WwJNwnifGQ6YGRia8MEq8dHaUPoF4aC1XcSIvgN0AcMk+Htl
  L4TczpuP6KzcnVBuaCF+BGhontJmmBjBe5BclOHVgAEZjRj8+7bOaFnBSLlEBJJU
  MAB5fq7GZpoQbpDMp2xr4MUtSOHp9I8qehGj8PGvYgt1I+6v39FHVzI/MiHAS18I
  +GSTM+0Oa6s8nSIiJ27vVHHyLhagBiQ26RSbsw18eUDQa/ljja4C3cBLpL6ur8os
  IcGi6MQpS6B1l8uDrnNh02YfHRWbyNOXQtNXZ384hooXBb4SxdWQ/NuoQt45r0Xp
  tEU2YzbL+xinYp9WXgQ6SA8BAYIrDVD8T5vLG5rgof0OCAx5JtDPCFvEMyhwIeev
  jUzdgfdaDZh2Rm/Xl8Bp3F5nJ7vjsWZtBZXqe+o1pnfdS2i8YhIIVcbUXjJJha14
  vxthGrmzW5G6uuR8zc2NgPUJ/E6DxDfr2gyIG45IXeJfujBO2Mft7BW76g27pJwy
  Svm5wDEZA1jfvHCSB5o5JvwCs9lRPbtWM+kU2l5DzG/G0z6yWSdMbITURjcpAjQz
  ezFnpkmoOsvhMMBgusuIg7RfVhWdL//Ur/bzkaPFGFCexDu3S2MDE+0w/NHCX694
  8CPawniezDoMMudM4I+wN6LYsYPOEM7e3ePKzdGuojj0+Vy9HD/NSeRmygXM+unP
  iQe8zDYeIsZAC4pWYE7La2NbNGgSSI3DeFDWZKyCPnqTitH51MH/QhwhxcIbhv5s
  s+WOCD4B3PgBx0ho9toL68iyZ2E7kBO2X9ch1Cy7oZJK6+DfSfh9zYNNggPZIcr3
  620FSp6zq62MuPgK/WdQKunwSuG5OBUG6X8A/mThX5l34CJPJGZbWk/0oZJ0NaHm
  t+wlYRe373epBqa6qdFqk3zBOCHDQF3S9aXSDVFkNkNujSJFx1qNOG0mys5hikDx
  9kKUBipJA240IyURBK97PiSfK4jRO4JEPn9pW9OeJdJoW4tPl2kpuCAxpL20gzCf
  QiN9AVcyx9Qexcf0NrGLk1EL7jJEw/0RFyrZ7lv8nzEt08C6t5O7FwH146sLbUAW
  KaEozrTV7++BLDcK76EnCXoT9qX4wCCINVtWYg5EyQolr34s9DRkhqE6UjyED4RW
  P+REVw9kc0hEHQLLkI5tlSa5E9H+/QwxSMBa2uBu7RYUqT8ZvM+lbLGgGU3s+0M0
  PllrjjgIwb6ovzZ9+VlhAWNo7R7GvUGzmtkSruuTqXxBDHfGiJnueTyQ/IrroZWw
  bIA3WBjfy+Uztsj80WGx9oMVXZiX7K/skmjMMxKMM9j3mbAb4k1H/3IPh5bhJw9D
  4Jxcw5vmk2BvEzwb0gTufKuH8K0jYaA7FghQchlSyaJoFTDgGciS+K6MPt+Pq69U
  2ddGA3ABEc3Trp/UqhWvgDrTuGqmONUztuj73Li868JmLWfR6KSYEzsmf9rLB8BW
  1UDjFhoqgVm0QAPfdeogtREx+n2JFY0GYOda/Gd/l3iMN9bkTfpqI2qNa1vZZ6Pm
  4CmsoszOp89aa+vu67CAnjUTGiUQDsMVQz8RGVulcpmxwdW6llu0StpLv3ALokLV
  x6BINndJZB7YR1xVP2wsc7c0e4k0kbJ2T/FBnsUwrwUUl4XuIv1i6tb6oV0qpthc
  uBFepBoiwvChhKOb6j6+ChpiykA2m7W2Y4JOXzE+6pQci9zPgGZLBgpcfEPW/av+
  bG06vpUJgHEf+TUG17pVe4tH9GOtaFr4bUU9oTTqkG3yVXY0vaS3l8e43erFnJq2
  rOgp/2V439NrAZJafDrxDWgctX5kBIKd2mMr81wvbjHqoqRjngMz+ZHTT5T670Ka
  y2RHkmXmKLlHwmF8pROchI7wDj/03XrHx6mCCJvEIgBuLrK+7S7pGwKUYl572RIk
  FSOIKKUvmzHB/5tNsKHM4e4uPGAz6hR6FWTp07f3NrUXhFFnR9h7C0Sr8o2OA9Us
  Xp+ASTBArhmjYdXQOZlifvcPwcaZz+vpmib+L1TLPB1wGtVD/W5s4kdP4DWG+emt
  +oB0rMA/NWeTkyYPR7U/UORc8eeIaM7ng8zjLOe7LRIKcZIXdjYLqCXUQWkBLp5S
  d6xTv6DLrch0UgWa4PXLi9epSlUf6/TsHmJIsTZsW35XNqDu0rDpHlTMDccXkCVJ
  JlnP9uRHy7QnTLmnE1+v4RLyKWGzdUe5QK3Bfy1pHXL+qmYLjlowoaqmceK0i72e
  HMOr/HdUJdxOaxj5wbCG5ZyuOi/tK3EpUciXtwNrIZ/KvyvaGqoAoErCnKq0gM79
  ML9bhSg9XnFvAMUI5Ig3kNqGy1GlSj5dKbk3UzsZM+NqwN6JJkyTSeGCEGnNjq95
  lgCUPjOmAQDQJQGOf/YHHcskudVYsnSMueqULVX4rP9+JhctfgqGHbSPVhzBSrAS
  pm67tYwVnuuoOY1OKfio5eA2cFrIdI0cUvfwUcs+pN5BPz2LtJM1GXxlR/l4DuTU
  qWmQtJI64nP6RtF3ZMJ+IE8XZrE++edGI/ZfaxQYrRKhBmsgMkIJHpgq89X+Txlr
  tkA86zrjpoBHCsJRZ21UinWHIWbs/Rk9rx+PnNXTnfLqQOqmvvNavqzDWwCUVHsi
  0IePre6MDzWpvKznG/ls0XE9/SCyMmjYUH+WJM/c+sj9W44l7VQgcWgccvidp1a6
  t3gfEaU76nztvI/V+73McmpvNtMFw+ZieyNcrkN6KhmF8cuzrp1Ulhgtu1MqQ1Ak
  Zshkn70PclObJ6kcPm14qmrsHANGOiC0rZLzuA059C5oE89oENn64xXE8XXPsXiS
  pID2mOc5mq3h69+3vbOprBtaK6nYmrkHqaPrplDpmcsUTf8zHzOKeBihzWr86DQG
  7tjIk4RjApqY31EctOaifz36pQJG8IltHVWeanF168Ta16fRYLPPqvo/xgkwqNgs
  ki8ymw/kYLiy01DexKiC78Kj2A0FPoml+kVShoHISFa5ItJvvGj4kqf5XlphToJN
  KKbNe7gScI3XvQKxBwA0n8pMVmvXILuZXj4fa8LLMBEsoh8TsRxteLAkRgVFCCoz
  R9n5/OUVhtc6RHnyetyV15GbKf8T8Mqkd3OJOpVYPBCgRLc9Cdv4ak2CuTbPAP7E
  XC/idkkPsqdAQZPMxVkv4ChQuO0eqPe0iUb7uc5rN8xrBH4rOs1OH5yidV0zvN9E
  5NnizJkuWVeqTKPekrt0B4oLGjK2zQG8NN68HZW8HCGVNYhfwWhAb6Css5/ggbxN
  5HPE8LUs7HZAYcH1Qd0tlMepZULuNTV3Bq0Xjz9qYoODdlh2mxlCfYyMPNtv7mlY
  T4Q9EJHW2wfDdNUq/H0Zyi5zKLFVZRPlFhFShx9pW+5HbGWZiXT97pbz8yK0dLW/
  hdAo1G3uJjeSZkWwdC4KuyTZfi4bS1G9G2rF1IEBgAD5y1oosGYo6rbqdFj06XOb
  mzn7HG332FJTxJH+yQ5kx4sPW1Nz5p9S+4C1nuBVuLClucU1oKnIHatvHoUFxZL8
  K5E+PrrV3pUQYN/RvUCHAHMJNuWrICHCQkvWtDrc5G1svgajLWHVmn/PX6LuP2e0
  blzZPHRPuhnT0n0ivIIl2YPc4V9tIuiMlfYQJ7auY+j0kkueS34ac7kQpWTfDq5/
  u6hRhZ/3Upil/TmP//gRJkp4+P2Wf5p815kyD+zjNUUMX/8aaIS5NuqfvYZYLIfd
  4rvLe8F4QBjFh8SJcyKdtNRUHUPS22W8FyCkIf3MsdIDKo2Q/J3lPKw1soMRc8jt
  OqJdmWTXbzhR+lHrX6UdmD3x5uGv3trpUXG/CTqPK8wELXZetknK6m77jYzV93fO
  U2WYPDYeccsaWXh3zHQPqo9vRd/YT9vv7uAnrDZ/M4mRYkSSrcLpsQWo/31aIUnw
  3aAjdhShyaLHW6k53G8vBRmm9DQ3Ae6EVmg310uwd2O1Vi12syEx+qePt/TCXF/4
  vZjDOLjNT0OGO4Hwy+4g6sZS2q2bFVB3RFYho2qopl/k2NAM3q3xi/QI+9LSV0Zf
  Q0R0sj3xaAO2BaBPvhFgY3L51lxbC5wHeKB8dGFrwfGNsBU3MJoR1Vve4MK4LpRA
  8dfh4e0ahHViIJKQuASQvMSQ2PYFRXRsI+WoPsJxhhfbIw5oCV/N80ZOcHtfJ/Vx
  pwYq9y+0QgYWET9mweOjr3QPE3Ngns3cCk0DfbcllqMV4DnjVhhXG1bX5eSMhoWz
  uTuLzU9XRB4qLGU2xZcr8p1PH80qlOnbLSSRho82+gr0YJWRUZNZ87pGttXBWGD6
  ZHLwGwlKaSQPPXSB1dxA6zw+su1MQ4mYS1nXRCzJkBjNM9FTW5lxp1xdQoq65UGO
  /AuPiJtyhAEVEeBpPhc3HOcdZV6kSSjSzI9FiLoWAY6g6LAh+yoasuu5iZEgtLZ9
  lR/S3WQjpGz99qGGrc+thCd7ggZGljcbWQdV99CTzOn9JWuU9z2g0Wau7WJpdS/v
  Q6kRHowA+6kZU9m5wMyZ+1YtrsNR7PexMHvNl7bOORtA6wUKBzz9CXobxZXUzTwy
  wyiDMbUnx0MOlZP7uEXnMcMYQXIkTqYJhG2S8eZsfmGShFEH9HJaFJfapNpzwRQL
  8+Ks/uu7hANdlFUeKA1ljZ8SHJVQdyuI3zrh2t36/EFw7k+emoZGu3YJPFVahrVZ
  ucHRFsZDoD4KbrkST0jkQtJ1qtXspO2lsNKuez0ISZjrPbtAEkg7jGQOXgiFebJn
  gWtbPVzVB8dClHg5rx1tsW2Nn87VOb4UHCd7mway9UIBIXjcjlTRSBwmWwSkjikY
  hAyrSS4iYXtjbQcIETJQC7uw5s3Ym8pU8Wz4YRmVjq302+1ChUkR0pKmeZPxHcjE
  k2Yqg6Bn7KZ4Mb64Z2+rZnyO8c1iXOnsvdx9OdjFpqsy6KWmKlxXU+AX0s5gWU8r
  zLmOMhtqhMnJ07kyyT6f8u2DqlXLEE5NTcgIUCQgX4GcohD8VK4tgSOxHsbcoJnE
  2cvMVMPyrxlOmtHZOgGMsOUQxK4HZITHOCcTjJpQ2rqvb6z7JPcMcdEynyqxgvKR
  N1mciQSyJLiTRFJ0XTvgRN+YlXgi33T+I0LHz9ZHhNEaTpbRQaQqbaj1Y3eVI86z
  ceZf4UgFCSsivdU8J2aHdidIpuKyS6Oj0dkRBJ4Fhc2D2Fa3nUBYpwNojNsD16uB
  UrK4i5JOSRwrO4EPq1f2g91BH9x5rDwuUt5jHYFa5pHR4sUlgj8WmrrrPazcEmcN
  lxtFrQwqIVq2C8R7jdLo//2KTAuA92a4yx+cZJY4/2/2ZjqC0rO3VOaimFMpJ9lb
  6uMIm2rpnYkqmr6/xeh0+FMdztDmaVPn8QR+yKmuz03NqTW3dHXFpN3RBPqINlsH
  Z8NeR2ZOSGnIURRlLwRo0dXd7oMSADGgYmI884YajlPiRkp4ofn1Y7CeOQAeVnUK
  5wPX6Z24Uvjk+62rVCgxLpUCdFakBy7QPPZ3T+jiPaAe5JJ1KyX44tO3lxQ0N72H
  7jN8lZLTkLH7Mgvt1j2PM8FUX8ZsgCv1TPRh8SCSDnbqbhYLUrcVKP8GYchhKrKV
  N6jL2/ZYfOT4G26cECccrfVhK1Rp5pwEC0t0d0GXkNmtenblJDpLf4qckud375RE
  hUzeZjevEeaR7KtlrLD/rWzAShprv1WotG6wKKNiKdh+ZiQU+inxPZdkvnrfzQUh
  pDcY33LW1fDCdO/P+9tTH/H6/AwDuZ3dYQw9fMoOWHUNZOnkQGVsXXbnb+GWLmE6
  x33al8wbjxcYvcTHHvDrsBykkCWdn4yMf+r5XuxHtLfv2MTm5eITfWVA6+0rx9Xl
  PnAiVzZ/5gPPmSvsiUNosTmsgzODEl4DoqRaY1txlMzmqPFsuDXpKOBwLRnj6Umy
  jpCAM/KYEBeJ9z+FR3ciwqSbvkoLa1poJlvmLftAWDZhCKQVwb+/+3nyVfL2ScWL
  S0cBqU6AziGuC+kzq7Q/UMI4srn7+iqgxsUWMSjSxXaYvOUJ58p40gKBoDT2nIIB
  qeNmdmPfG1WI64E6HBwRuldAqWzurHrBWo6RuWG+cMyh5tL442FTC/EQt1I3cMcx
  tPxYSH6pxqjyPb8DozjzvxMLsNnIA4oskcbgc93Qi9FQdGPXTnyfZkhqTxyRFe6K
  glPhCyjJNJboLRPN7cUsKZJjYtXI0xzsX7HcxQa5iCc+4P9XvRIyHOmFrXMjkR/T
  JY4/ZOybZb+h4H3F+MqZp4QR5LbPSLoeENln1/Xzo37lYK1OFHaeQV9TYMMjy1XQ
  9D7s3brsnG8VHojTu9ZstJrZfnhEkqB1YbRZY07pe65LkAQn1v/6sAVojaZ2Efcf
  GE2AjTqrmVBU4fqzsVrAk3LT0vyVZDKp7xlepWU1GS5Z9x7fHcEQABvX1496U+gy
  AGYL+hJcCZNvDfx5ZFNoWDZ+ZCGK4I8dknKeGkPgMqi/6Kgn4pa8cNRXpIoVFYUW
  QiNRFzCnFEm7/IkXUyVccLFH5dGwtJ5v4UWBPYCzrStpy4pCxOC1JJiHFYdVVWkV
  HPn9LOWYohX8ayoSdkFCqkB6gY/wEM75WBqKcLx1OyBVHmF/SZbp46pSzLVYoQsF
  Qu3g1K3c4ti/BZsw7UCz07OB8VX/aerWpRHMjU7p9tA6DCuuKMjd7cxW8VkKwuGu
  rSFe1ZJ9mDhTP/zLKIZsyy+VIbOL3y5Kpak/fGp2f7546tl3pBwcbW3GaSW6ADGU
  qgwd+2yEU6E/yWACStsjO3MUyqqXIVk6KsZmBE63fdxxdsjzME0JPTW+sXpSHxVe
  ObDThihW5n51e6iyOVeGOV3rwVQt9kObK/SnYTqCgbrNgW5KNaC2bN+Cd6e0OFIv
  Yjv4RqtHjYa3345R5MsUYgbMgrOmRxa3Jla7RyokLhXl4b8CCMcR2/+nTI64LP8Q
  kXNJsuWf6pMkE8Qgh7j1NeLytCcgD5teZdG4hKETsmPLeVjvpRYDpZhdM+DIyjk/
  2/bhVpJ8Op6UphCuUjfmhxNE8sZpkpYZHL02mJY3RduFTxwd3p6OLqAViCgILfws
  WWP43mq81IVfdr55LtzevdAhozGWYlAILofiNAn/KloqIg1DlhB08hUAcDPffx9j
  F/5fnAv0GVrj+gCiFLn2FpXvtLc5oeQV4XJ048oJOXfQCtSYxBk4Kdx62dpjfEpk
  pd2TuKkhfNZ/OPMY0olPm4+8gSIpnUH3aMUVtnh3QP8kO9ufVe8sxFtypMHqX8Ao
  0ZW7n+cGZAHhZu7O02TwjDlQGyMirWPJn5uDyUD2DE5tpBSU+DujTJckyqak+ict
  dOccnMM/Efdwghxq94tkzD/F7rU7b1OsdhAF+o+Ymlb7/g1Qgtvw4coPheAUuiP/
  DA9OX+AZjmdgitdjP+V9gaju5bjRbw539VFku16ayNEAYAqp0PaPAZhv7RSbC9Ws
  eBAJTyDD9QUrg+5DvQjm+ghelumrc778SD83UuUoHM2JmRzKp3W0ax4f5dRBbeIA
  cAvv+Vtspk+zCh/1YcXUyUfPL9WQNAiGSn7p7/isWWKHUrs7WFEDLbzrBkXTGTzJ
  BrLWQzb6M/st2C4IxVG73Ye62kTxxzbXRyTws65z4FSnc/eS+anxxJtK3Eh7fNfq
  xZRxpXl5AMFELuHliy4xOfoFkiTCwCI1NRLfql4SXDPzotKTPP65Q3oFSqzpBGbY
  ikktsRtJ9WcXSAwDkcKYp5odTkKG3qRejG7pB5dEzC3wMbrMw9xMhWlnAU5+3raB
  0Yjr4CUwwFOyhV/iA4+k/aPflebWQIy+hH6ffL98IscFGsGDtlog+FQCfrad5jS0
  eLt2tY8no/CRqQ603zwe+5V8P3Ljq1CadM/L/TJ6rLFoby18iSbWMtUUDPG0q3+X
  Rlll1OKQ78CYWi1rGytVkLn/fpejJsFWmLDjKEesj3bmQdEVFXvTazzvYU7yzepB
  LUhksZVJWud1rhgXXb7n6ErQmAW9v9JIXB5WWr/XNYQv0MePi6c5lY46LQvvUJII
  MaJ6BTrm37brswS4sTYnR4h4+q3Kj5bFHsJpFHyZB2P3taOsdEQZAzrCnLGxRT92
  4Kub6x+kFZ9+AJfbRh4XRbFjv6yWrv5kFiiPBnLB3juUZRVubYE2DXzmsIzt+mdM
  Qfiy108aiuyrS+uIS+CXqJSTu4ZvCqpTOr4MjscU0l/nzQmz93IxSCr0N95dPG90
  P5Gdcl3xmBjPgQr15ewoH/O6aXASbMibExcwNsnXGux2GtLaHfTz5+srMPYtpdEf
  3mjXQKHYiZv6aVAI1FS/z9wnS4rQxIVELGVZwWMqG8kh8pXzDL55O4onmIZFb+TT
  JMzRpl8MhhKO967n5L7Z0A4r0CUe3PBkITvPZEFzG5iMJtXl6zXOtfXmrVNVQ9Qw
  JVhVjQpXKREWYrPQmZEIPIMCsSqCHBrgjCL/eBg116SLx0Oa4JWr/5AY5E3XX+8t
  XfmaYu+7+Un4nVAZ/ow+YoxAbuucqwO41m2rOj1+3RQIudIDHDomgWOezeT0fEIy
  rh6ANFHAKQU7Bt0WBKqSY7yDh/Jhhk4SymdY8/+TesY3jSgOksaOcTyRriCZk5WK
  KJulka/QZOWMI3njDLYo7DRsq9rwioxrc2Ovkpx5izPIFhG74TwJNfo+yxjDJbUz
  H3sQ9h6SsCnefthegzV7dYEgVHcONfHwKHi6ciddptAxBkKN0+RP5JpFFc6iU8SP
  g7yIxbfpMbgzznVx0eIrv2R4wKYZjNvr35sNR3GBp2DrGlPAcQxNUSxc4SGkhlwl
  tl0FPOmzBtfMZwjHoxx/p1uDwIURUUyZ4EMyMnuaV+DlxqpW6VPd67j1bbPVW3TQ
  4WWPujw8VdurDPwzgRj3mGCJwxrc3FAVUtQOQra6mo1IWcRzMXWMNr1YLDKzn0OR
  wMtsm5Nd2U/O90m935Gm7a7hmyrSWT6hFaeqEc1erQfuJRTcVmkhWrRyHcmKMcfI
  7/6Mdk0mVvUkOZ1B5JV1tJY3VGr7tHRZYuQGLEWTCcLV/aGulNEoaI2WbDw4mrJS
  gDc19hNXdXE0EssK0beVP4aXKkZUO5RtmiA1aBNDiZV4IyRSKk2P2MHBkS1qsZEg
  MDX7zJYexQP4+5NPUjMH27hC0AmjCI1y84lftWCbUb6vMl/Ck9vEqLo6dzZl/o8A
  MjpakXJ2jHcG5y0B9RbVD/N+Z2hkVVx6h9Uqfol565xljaCWorjLzdXCmjsCOk5u
  9iSn5DOxzY2uRsdPZFxfr+7EPp5+2VcOrRG/amsj5Lks6yeaKN4q7XZhCeGXVlFH
  eTbSJkYV+YCbEQ7KwJkAm47sf7jv2UkE43Cqc5iT5aq7MruaCWUV7mG0edk4tzcm
  1Misl6H5k6rmljTS/mHoDJGbFsjORqEbVsNKu5Cu/5r1hFXh82vp/XK0X+pZC2Qx
  HNsCcJFgSp8BCwR5L9rmfkpif1H9lH05khAKDzTdy8RUKwQwkBhOZzkz8V6kXewQ
  H2wf4CLzavqwV2L7byES/85mRw9nygAJiqBRMvaFbdO75sRDCGaz5Vw4bXUOSi6y
  JNoBlk9VVTlFEWC+pcIiG1mvL9aP4+aeUqrt8WjL2vI+zVo8amv78NvggXZFP8gE
  cIJdKumeh1SqZ6PmBOiAX8TvfkKv1hzGnOJmr/jCmz7rvVYYpjZUhfoca1o4HdsK
  FcsNtQ5C+ArIe0PWyxj8FNVksxwMf7CgexIk7vk9D1L32J1MXkjns+3Rg6xWnWcI
  k2qDj6OzuKMNPmyadZR8pkAmGTxMng0dJsSAys9qRtOPUEQs+RBmbTLLdSiWHXBQ
  VB1EGBqVkxql2AVgZKJ5xFetvHxhOsI3QPAvhWTDEUzrZta6FRLrZ/mOQLiJrQ7r
  Ylh9a7vhhd6sqi5t692+kQ4+9IJ1ajtFApBVrf07TCnmMf3eQgXFY/WlrQQ/1Y6h
  RIXXy2neCWepru2yQ1DmPSphundQh56GQ3itmLU1bdc8tMaBQd81HZ7O9THfY1Ye
  xTD43cfDWr3KqRo9sveMF5a5dvToUmLsIULXRwtsD5QjKjNge4gpOPlSjlyeIY9/
  I+Ra0yItlwH4VzHZc7MMzn/J+cn+0tllHFOQ+m5XWt28yFw2JKV4lK3osV6QkBOF
  aD8URmm1aE/IO2zypNdPvo1inc1SoxTPxay7BJ/1WbjJrEt/Y/xEph6CcVW/LVDv
  HIIAqNw41QXwTMDCSaLDT1q6NVR17+wamjqRkxlBBt0+oT7YlgH8WRweLhQ0HMQw
  crnofA2pIRCFLjPD74CTaji5KtNelpbFpQDLSJwqjWS+WDLBSsqyCRAodMkFnutF
  lrPYQJUfIoHt6ovm4d3P7T9w57wQm/JZPW6qrncmu8J/GakptH1Jl/TTpE0uz8De
  NLqOvmAM8xkJNJazNpwACLdTFCJrlrRz17azJLohDiGTfDxTl8AAasjuVePTsjIO
  sEjYq+nPOHjOKqYtKYjQWURHGiuaJRoajJdxRoz3btT6VFE2jMc3gEcc8FdPowuU
  r9cVwHxCMm8r6YrSudPZ3pbBegA9cCyRQk74ubhTN6AQ+ustmYT/rBbTO89v5hur
  Tddcqk0wCOVl/n7Pnubzr2TC/kWGpNNVpJyp2kmUd8Hi5w5M8zk2Nm+nZgdRaPeb
  SCQEWgSq2u7sbBBnewEzSVArleieSvAYHdE8T+joBBuCNfviBMDTnqcBf+qgTF8E
  CCTicE9Mk/FQWgus8Wq++vr+Uy006/DG09ai5yMaBDLXgqioTpBhI9/ENW6p+Wb4
  FKKCtTcvC7D3KkeHU2b6ivDKEiZyo8KSBKsu5kwgqIyB9uRO7os/fGiXqNo8eHoq
  /e6y2XJJDpMXP8Cs5eXFz/SRVOMwLLauMMNBYkoaAd/BVdz5b5/ggZ5KepdLZLVr
  Cls6QAzwOD6Xq9k3N09Y1VknnhGDLLI3NScSYn3npVsgrpRehAJZodME7SWy3jU1
  XO828wACBiXqNo0qgiav8J2WXidshIpt6nLCjwg1VDE02/RNrdTaag0C/7sf0eqj
  Tw8INKXarC03o9rg0ASWFDoh829TMowlyXxLnACm4T8bzNQhQTVw3k/hM7fWTl9m
  jDfXz3fkLdzwkwSrAfbHaN8Leuj8Teo6E2caN22hOpws7Sfo581wuPLLmt3WxdVA
  +vMslHoxoQMNWu0A1815FtB6Vsipdy4UgfAo63bUD1Zm9tHZa8cM0VVTjHaZUxIK
  OcU24/n9V2vvL+VudO0ydWyKVnvlaqNkIgRG5suLt/zxm+eBy0AqHKvBb5GcJ2o0
  Gjnycj+YbNdZuEnblsUEfEDGMm0aXhmeDkmbrhpoeoUjQO1ArEQ8W9mbok7OGlBx
  0iqco+k1PBPdOFg9cj2N4+kgg86q7inSQlhXOS2uQkuumDNbCMKQXHxcB/tULiw9
  KEuUSjbv7zOcRJJJey6NAzARjPiUN+aURn1ytrchOrfKac/crxdC6I1779xYbj3L
  4i9i+X/x+H5alLyfC26T2a18dwNX5VSAClGwP+kjAB6sf95sMaK+QbW3grJME4BI
  TMyVhoZmGv5LzDjaqn9E+79JqzODn0ofC4fyjFTvpT8e8CJbOydyANfDs6znMhcP
  qtRdRQK+Qv/Bnowrx2Rv5oQS6rp4idxXL4wQAoOG9eKECujxT8QQYVYOeKohxLzC
  O9OM7GN+2gZim32G/rAhlmXAhXAB00VXMuo9mjWwnet6IvnjIO1TYGPweyY4P6nk
  /6a+G1dAD+nKUASogWl5FzyCB8H90WGN/C9Ymex2Lk+/tldn1J3jgixVTWvW/8W4
  u6Ly7HMbWp0gRc+tvR0RTEPD2ACoSmEwgXFDoi8E5xGYEzJ++eq7euOV0LyvjKIN
  Wdi9Y3+XRwqzk/XSoZVp+NknC1p9v4dUe42JKDagd8nGdx3QRjXXnOXCMGtQoALe
  ZY/xjcWg+SJDgl4R20zpxr1Q1c6tws68GuYcXt3gvAFkWY1HYLF9XPTSaHSEmvbJ
  j5IqUZx1OUj5+ejws6O3rSR4/N/GXg0rx7q/Z3+A3T5L/Q2ImM1wn35V1KxQPeO4
  PtlKbnwJlOJ0XLYgz8YRyOIYBSJ68Xf+d15j+E3FEplFFQy7YwgANUpBVZPOyEWd
  UoET16WtDIWrevVI6kkGTDGW2ySNqg/7lszwgwZot3Kl9eC5uUamKPxEuhZ06TRq
  lqeOxxLJ4dTDT/TJJOY+f258t+vmPlFntjIPzDFMtf4s+fq/hAe0M3R/gQ7a70+q
  gJTUOb2z7tKKd5I6r3WTvldQpluQsfRNnpfzNDTRvhNzzQcXCFfJnARIRxx1FajG
  MI8AVzRnkOlwIfM1LpSdG9UcAZ1acftTnTV3z6Pjxd686CMsTyZkmy+5Gzo8WC2q
  J/FI0qnDccFY8gv5+yDiqOi/b5H7qcq50pdYMFO358PePslA3WHAWdoIpgY/kRXs
  iId5DFALBG3kHFWreLyf5vb/7Ri92nBx/EqCZenw00zSWwgxQjuFs/wXQRrhC9Th
  pzYL/vzMYVfA+Hn2A1TpD/cGSRklNi1DYczxmj/pIaV2LdBuiOKBgAqiRJX+OLfS
  1BFtsnv0fnIRG0HzWN2jSqEd0MhIcl3Qi9b+oTDHJM6g6fVabHcLhM3uzHL+GVY7
  OO8AfHATEUC9wrCbvDy4jybx1UrVQy0V2UXloJ4/kG3jpGscoqguI8lUNjyRGNNJ
  q7qHJ5ktQYp+S85NwEvrGSRK1ZuttAGj8RIbOD5d8Wooye0Q7Gcui06BrVstySkJ
  vA13HwmysknOavqzO+6R1AWWMfvjwfPhsjMzkt9yqp5HVQUI7YN1tSp0HrAAcsZn
  3G1uzr31rzRmspv3kN6E11PgP8Rxb1fBtiJ6tSuD5SzD681QbOyf74rjGpRrfIcK
  E4kuf4umYlnoFYY6/jRMRdVVXKfVI/Mw8rw94WWH84bezCRIVXFVK+PjDUkXbdNC
  RcDWPoU8GPLDTLqZC1JJ+aTtV5I2/9/YwzcL0tFmNPJyG7qRMcT6WxjzxGfsVwGj
  /yIKSmHOeEw7jMeQBgQ9qygRIdAhOCclTiSx5eKRejAGqy7GH5adVtb2/UihHroZ
  4qWoM0RTIyMjVZI2RSbTHcUoer+WBhc5pJADobbtx814l0n2JmZj3ess3yjnNFfF
  0dDyJj2cyhjeJS5jHQuntBpLFLEsqfQWYQ+Mf2RdMZGSSmvD5mbX0fq3mRCfzDbM
  3oQHM53otrFmp+vJenrg2A+4XvX3wPV7nc4KwP9Wb/tiC/yM/0xIAMzUDOXRl7Je
  3KdA9BVRM1abuzSxHQlzWOOr/a58NrjR6bp6VLdIXiHhOTYS/VNoanszIazFFhzg
  Yc4/wkbSfndUyHsq5jC34H4oB4btJ7ZdC0i1Neyhv36lZxEE1/iG6pxFbFAMBCnI
  dRbxNNhI1ve2X7M9NQn+HPdAIN0zfGmdjaIT4ajtvMShp3PUquT7Hlu1xCJQTGo3
  tgyBBfsA8DpqesyT53mX6ajhOzvg//v4vWaIeypwVhdqS6e0/x0Icj48UKxbArBz
  UKhQhswGgRNF6Gftp7xklV6BUdMtbG+2CtLSpOAmF9+iriWjVtrTFqJDXmG4Y4PB
  I31S5Px2CBbw0lmXAbAsR8VuYg0V6E+oxFHECXoPvqVo8n30uOCQA673iMpFrQ1A
  HZetY8ZMZt97YLTJ3T5NpJ3xKqMfMCISeUAi8kRgXjnMn3L3w1uGvgm1bCiOM4HW
  bUsfSar9CTat/Bny16WKRIRIpCqVrPFAp3OXuJToxqhao+akJVHDYMbHzM523k9b
  2eA75ExYe5rtUOvAeWe3OuQO1XAq9n1qr0dRC0kBji2M3ojtNYRa+RkhdUQRvdUM
  pUYmFKAk8Ox417VvDc1ouR5h7kDTppONQSqjrXnC8VO00h1nz3K44C4oW2awUnj7
  63yWWtGfIGPx2uilbWbGH9kzNC9XJLvlH194a3+zcnEkdvDSDvzDVQG75q1QKlWk
  vIMDHvwaYrkf4EooxK/5nhoSdsABp37CISkCjCeP/0/MIJBGmrev+C+lFpc7RJEp
  xqcxa3tmShfd+A6w3lhXa4fkuo4kGkU6CEgI2oV5CWhw+udFlrDpYdxwOAecRN92
  Ga9lmaH17osV4h+ngFLgSNgoQtGCzeMG0fTuKH8L9fkCu8pKrw+eLDFvDg3waAZp
  P5W2655+g99abgHlfglYp8ewIf33ab7oaITGoWeYpKn1GuKcsb7jz1P/sFpwqRuj
  tcwuOr5kE5/z8Aw4tVUrsriVuGORr4nR8fY6jjhJ+G1s2NC9H8+uQa2Xde1pjqcr
  Igk6nVD+ziJCY7lIcRw/EfbWrhXKHql921Xt3gQjDiNn83fSPlpJDc44OWMeLnBJ
  E0DKWIfDbhheSkHHFzGJv+gMo5J4y1+LjyFIlG/cZyMhkFUPB5xNcNYgkRJ/FXCM
  q2iVY1G5V3JVnj2gZj9cn9N2zjbVM6fgW8YdAzBD2fN1kLOT1qZOQED5F3km4Eo3
  23kIUQorHXHSF/on54Fl0jz92O7zxYT/KdTMpSM8PcLGd9Y8yhUIXcScB6peyCvV
  +pXz1p6F23azbZJFRaq/wzHbXgxhPXioE5Kqa1UL5xVckyuKqtRXL1LfeCPEeXln
  L6/kgsiSXRbHpDxclaWVo7WsSriO1mkBQZKS7dv4jkwCIroWmMYrDGhUvsi2z83t
  XVgnHHLmn9pVrn2tlvB1zZfOQvwtz+bm3yt4dKtXQ+y1OXltba1mGUqw7DumL7Z6
  XWZ4Rg4PnXjVCZyNE8ZBA2OFKkZQzg+m3DgUTmgQ/JR4phWKsw1RIyUb/ditPh97
  xQpuetzbguH2OC4zNO1Hio4Kgr+Zc3/b5tw5F68kcSCZtaplWfF+ciHXRM9T22K9
  DcluL7bsLB/bV6Nxz9TtPJ+npvgBGK5sqZmRKh4psWIqD24E+ZN8RA/pwvwRGTOr
  ntx8Y5Wqv6BTWSJYd1oWL7vYVK4M0kpRjgHTRseKb5lYNiHGI/DImBpUx0jlcNwx
  0i6p6l2Q0sIdyMrbtBI7qGk80x7fZM9/xNoehBOF2Gfm/lmZT6nX4xwWxb6zAl1U
  wG1/fO8VWobwlwSIAWdPnIWLpa3Nt+I/U3Qws5N9VOcP6GKVpeCKrCEw1OCGZCwP
  IHeJSHynXgkUKndXsQR9gQqYrykQYEDh98nbmOWQ+RDnw+zAY8TBclno2KEvuAeS
  96OQkLK9xkNFI4vILxYwNLiXBVV9S+WPwkG8s6PRrkUOJxhtF8ikMtqkkwBXmGAJ
  qkXfbntjm5PdZb7RMc1Xu23aeiPCZBufVNwM2XK9xZp5UKpZ2JTQu/8lotO8wHlv
  GPsJuVMbpN8soOxFV07Khw2N83yaa5EzaEsecwXQYU0veRVmcK+5ZtRrYHbC9BpN
  awLlHu2ISVMNywAEzNzs2z6fVsljAjaeB04S4slvH7k6EKyJR8/4EwIH7tJH1e33
  +AzGwVOlhnwQoE3n8Omxfm1o56CmiLDNxcZbmPvJNxnoyVNTZv/8nhSfofgojt8N
  RSDMgBbds6m7xeWzf0mN5cYo2owrnUfL+wDuisCNTld4CoG7P4JWpRmC/7KSJCeK
  zzxnuMH9RJiwrwLyluICRZxAM9FYCXT1gttkxCtKGES6w+qJ2TOiAF4+ST72NAPX
  YgoeAc85T2Iz0ppOXmn2f1Ds+/EbgbkH0k1QJ+T4uBeugYFKdUKS26VTKSthm64w
  91EnXa0VFvEgsv5LOVepQkAyfnpoLmTqvKcWAUs6HubGmUbyXP+Cxfb12BCpcpLU
  3U/Su0TZLEuILzWIzEkz8ReFR/DoMFmGalCEvtAYHM6TDPVDAPjOrXsjrv5YdHJY
  +CXWXJbd4jB1tsJnau1Yzuy6GU62ZfWycfzsfKUFoifw5Pz1MF9oOLxVQE7Nd91K
  g3u0zXuRYgpZWKoBzI8Fs9pQhcJXo5cK9DtNhYJouxevOLKEXSBovK9nxdcMC0wj
  teGYsK6z9yjyfUTVCfyDIs+waxJWJdtWlv3XzUbrO91im+GM60tN6E2oVVCojk1P
  usovboXG3aoBw8NOU69WoIGixELJlEwsqudhITrmJXfxTbf4BmOTFV15lUTbitCA
  smbTx/ekVVQLasLmMbOr7wejiGQBVE0E/Ij27936PTvmpkcouO5G935hbuxuMhf2
  emYv9ITcfdB0ZPrwPWL2spAFcpUVmUuOSVpz2VR51qDjb99L0c/Ue6jPffMSgj3x
  BQww1E24G+1toCNYFQQnBd21FAV+HY2m7pi6WbBli0uBpMj2wW/UT4bDzogvtAUh
  F/CZxxNR9TarIHLe0uK/flL6uE+4bjpKUKbGPflgp4nnTjmiK3QsRJhCKBiWgY5S
  e12a+fPa/sbWaVZ9HHO37yCcUxPswNbx33XMHqhJ74wFtAxRmtUhq2tarjhgYfmd
  uF308AbTrupo103Cbcpkv6EBF7P2paa2DgGW/coe+Wid11fNgiZJkNlnP05GlZIv
  d+OSddUItorcdoksXW0is5c2b57WNCWNKq7QUBb1hXj6/Vj8KU1klkDIrCFIPXUn
  kqtkMJrgKyy+Qehiz2FvwL2LGQ2/4FtjXlBFuHeG60tBlqZ+SKAq0elaaVXvuUlU
  yAXs//kXWNsIz9h+KqOaOMwdrvZAd+Av+EUYcES2q1vHfxDxqLCgzzvamVW40hqj
  VbSvtkpysOnXvZ8pBXWc5FJ3RIaWJdj58wmSpvZQa9vwqUo2qDt5m74eiiVXLzEe
  GIvRvneHR56XWDi8ol43jR66ZlWzDHqaLhHcz+c+oiyr9An4jkNQeMJucqLL0NjF
  xhHwpgqD2uxx7L4uWg7CB1ucxPSP2e/rr8nRg1Op7nhNoCzsf66+Jyz2I4PgzrqR
  aaKOLNCBC+a2mowgqVYL83ZmY6/ocsYbXsA9J02W/K9AA6bXGzE5YzqfVAOXY8ur
  Bm9Hi6jStFTDqfBtzX5whvIhJQM/FVYMPdDLw0XtgBzPnnfX7fOthn0HaGpGxlN0
  ekvPN2I/snk+rWSL4LY1WhwrpZcVt7z+7+XiIDCqf9gX+FUn5hL+VM3Ue/DUHhR1
  jQzetFW+MTHih5B4gljds7yJj1qaPUVCpZbPns9R4oPvcBnVVisDqJKk6bM2Pulq
  yscmKjwLtY/ZcPlITypUCYVituGy/6HtOKohftfNqCmXlKCtDSph0IzKBX2jWL0i
  HyYvgGdZHp5WxlLa4uKVHcyX36D80gmGUtVF2GMwAUVugrxvNUvEDmSOovLVOyhs
  Dh7mAgEb8J/OxxhVgEfO54djB3oHfXLUVyLxzih34wa+2Y1bmuRdNvVR4y8Hun+J
  paJVgADS0wLITrl6vJ1qXbR6pwfKhG1qR8HDacDWD+p6vwjHMeaiRyCikPxvBUpV
  eUP/HMflr9yg75WDFckQ3WDT0+7XTB38yr+jeh8zGTpy9KR10Y29CoKqDxeDhKik
  TleH+NQuYiceFXtw83qY1QDXAiUYNZCks2WmdgtkpEJWtrz1xxYIIvquMp6945QE
  B3d8H1Hurlkj/SvgD4T0+wbuVmonLAyI0g4UU3Ur6wrxDvAhCIKw6/fvQQscA3gy
  WSuj9KwcXqU3imVOyUN/dVmuw1rwh6veTKTVjJBcT1jWO96NVGeVMNxILefni3XE
  9mqO1g8CCBFIsqsMPydVm3O11QJLeWft3IkKcZ99qBgb6PZ8Ptij8Rm3aJyc+38b
  NyAENgdX3Y8zNVbPbVojaNynUTUKUE7hUCPzPi9T55SPWPCBulSgaCMrHfHTG/9X
  VEWZNI+qmvA3Uu8PcuHkMDoKtyqcXVHD25HzeVpt++rvKRuKjwPcLvND9MaGrcHB
  1BBQOUHIpnss+FodAEaKlsjMw3KxUoiFGyWOq1tthTlvZYtIGc68+ZSnp8z8sKD3
  La1/hF9VNnBTnZHS9AOQwrFYudT1oF43vugTAofCHXsqXKoZVyw3xYxeTl50amvn
  ThUcLx6MqRyNIUxOWg8d93XEy8CgKq7WaRdrrSpocjSdJx6kKKtz6/rIsFwhPOOu
  lkcACq28/zArU7fjiE+jCnicGYXkB1rDeRkxUuHPbyHgq6pTSqHbkqtYpnx1N12B
  f43CAkO1PHiYSWwUZwv2U3X4Fa21gSGnbObX0j/roQqW4cDMeWlsknH0hNa7gioW
  yyJnszNhbcaz3MC1xXUlf2kcp7AssPqEi0Hexd4m80ifHM5zrkXGWNeYAmUPLbX9
  sDgDRYCI3Oxo9dtC5hgh3afLIyhZuwSsTJfMqYkta4nOQZH7c7z/SXfrIJFIUUiK
  xJklTTrRR24s+iV9kVxDm4+Yiln/5fUUJXhVvKJrqjKMVkti7TZC1bP+/lbgXn4W
  XKDDV6MZz3equLeB2IB4Sjk+1TlAVWNi3KRP0UuplQ6dilbDigJECza5oi9uanJW
  t1qvCC/tVG17j/FsZrWL2lto2PxKAD1/ktdtQb5CdXS/iMXF9afPULq/KCOIy/qc
  Qz6v4246CZ1G/Qmjwk73X8tPwO8KmgaxpXJEP87h9ok+NGuWQS1u+uZbp5EPmVky
  yzpdbfJHus499ihmKaohMZD9K4+mth7JX1fH+BF3EYtHdCJkVoKTl/S2Hn3jL4jS
  VxnXtFljMfRtajpzTVwlERCCCUU7wkrO9JYx2VMGIve1yHZPZA+cYIMGbnifwHdf
  oAnGURcc8OH0Cs7vaxjPjQDxDQx7ANhpgMMxjzX6QfLEOp58OFGEnJI4B3ZtmXJ/
  FsjqGu+MADbePvomSS+Yg8SzeQ+vC+WoRQ8SyofYrZhslVIQ81AF9JI4HuyNPuLb
  0Ihsp+0hiZF+hhrbZPa6u7euIc41jbPu3PwT8I2ayIZgO/WgHfFQdqD88oFpujq3
  +bwldgs4I7UFsYY3Ew2RUcUYjZOvd2LZ7OBmmwaklcBZ7eoQTbdTM06WJ2aviMpn
  CLhmAUA2+9R7rfDQVdnzoyJi5cSETZdD+jLoAPJ0hTO/LVWaQt0Ajxvks5wDeY10
  pbSvy0lHP8yNEXhogg4s69CHiN5IbZVQWLTCI2CgOozaBKnLcZwj7YyrfrV4T7kp
  eZeXtCNu/wZDoKKTU8ATTuKhAUWmN4nfPMSkCrFBXUZ2c13xb7DLsITwWHxj+Bay
  BYpkyDO9PxhWNj4qANVxlr6BqLN7c7SEOqJEeLPkE6XsBjw6nE2v+5CqVDG07Em9
  J5cRdZUxJlQAmKm2dYI6vQUrCZSh2vpLnEkwb3E4s28KPohqDCAWAj4pThcPYLnj
  DlyRo7Z2pHbOCIeBKNaIylRdWk3ZrfySaMS25GMhhhyeNSNNBQaGocaXCQbce08F
  ZQOBwD1qvChFzi+P/wCV8rIr/I7RBuauXuERzrw83pqHvWbSHgGIK5zdZfZTXEMP
  bo19nTrOojp4p3goDI129PFeHYdhCbeeeEqoK6A9r5EZ6N9A0MbJ6DBQljszK6S2
  Lzqmp7xr2fhhKK0IqpBcleKG6beevIfhuMKJz0y/dS9FufQaxBsDV6tVNrCYebSL
  7z0nH6Lqis1JkgXoK6qCFsULE95OKPTlKgVJy9q+Oy2l+w4z/mwlDma63y2YzMEX
  VXclHBybgNNzbW6iPo3cWTT6CONP3ACupmKEna5i27fvCrnmvGHH7k9CDL15xXeF
  kKLSGVvvHXUmJXOU82IDsQ3XaLm4KaMfxR2dSSLoRj+k68mLg3DPUYIFn24zgHAc
  +y/FWX0kxXzPEwWe0mVp11npe5Qiq6SM5Wd/V2ZfhD2/dRdgtWFokIbWZ8P3kIFW
  ubfprDK2xY9cjZ7TDte8TmDzuhlsb96H+dZY8aurARIYNIvbbxTcSbR4kxBXWvDX
  vJBzSpqkGUUOFwGql54oRIsQtbx48z4tAa8HMwioW6wXyBdJl7VPwtyTdztXzCtf
  OaJrXm9zqb9nwlWSY9VQqiAyQORTocdqwsKiaAIHV3ikAfH0+/TF61tYUVfLOt1D
  heH1Zoth00yY7uGPel5oS2jhrB8ga3keveY+0lHzogyvcvU7xK/9+oCUD6QNEeQF
  cs+dyBzQ1gicGjnn7GjsbNwX8ge+BxDffsN7XMy5p9UaD6PC/kIV1nfm05CzY1Tm
  xPLROcHjpoISOW5I2uNas3yFU7beJzvGTdclIab1Y5L9JYIFtkxcgqN5pAD4iVDE
  7n05vhxc9VmoZXe4+ZN4dkIuQiuYYfEZH47Fg+/9v/72OtSbw948a0Msk3IHZ5XA
  NmlDAlVsM68mmWuCP6pNAV1D8pHewt0uPXYNSRA60nwZpg9XgYaXWX9WSG+Ha8OL
  cV+8SV8xiNDaarLeIIxYVmXa9TP68gcCmzo+myj3AKRHT+SuIIAH4r1lySG64Ky7
  cugnCZsTx8VSzMUDl8XCnqQhvGz4uOKfe9dIoLW23tpq8OMHQ3G/3FW67/BexoLB
  XjMd/6WUsnE1I9El5pK52hTRHelbEiUh5UaPwHPmPKGU+9o4fcWQ1tj9/FkRYGgK
  DznHHZBmFc9c0WyVfHYrtL+v95UfmC0bDRNHb2jEI9fqWDYmRjiSVovTCAAJtBsF
  JF8Z4V6YxvQaqw6R5aRVv3C/n9hvclOHNSyZbB57Ja9g+16CpmQy5iBxMqwQnuna
  cf918zEfa7nTSci96ltaOn3Y14wnQicfHZV6Ts1eNtD7pVtmxAJ7FNvVtS06x5Dm
  H4s9axGBoGtsDq1ImXO9QdinGDTMvRBmVlCYiH3PZm/7BE6VnabCFwhSjLDLRR5k
  DdjLE9Eq7FGq3iTpeAhqgAAZSUL3ivjUcJaGsIf7snKjNotayzbqgHUSAEPCuaUT
  +CkvBxyb0WmmB7CstmykEKwh0ABmuZZFn4B+IUslWf/ZaNgyJZht5chopjOYmUDE
  YkirfnFVWSsP1zC0VXgIq0fdMaF5L0Ag4gTYmDgXhyTBDQwxj1rDOg0TqZhcfp+X
  PoQZsO5d+2bhPq7FFSaYuaN9FeSO9iHtUtVRg7xBWqBeoiS4F/Mrdb2Deskh+CH5
  X2/PdkAkK3ePFm6pjXGBv1IcJoiOIZ/EhQj1CQXJlrJP2fDj5AfXTo8VMoQ40g6t
  UibbV+s3W8Kt5y+QjwuQULIlgCLr7FLUhNxi0U38mRqRmnFxjUT4LN5NV2Eq8eal
  iCtk0FY1CymsF9/tBof2JptHdWsfapjzB9eLczX3Ztn93K1rWpPtjLNh9bbPA/gH
  ZecfDzHXsuUs9FLSD/Pm0yUPyTrfpkc8aRc0aNR2plQV4VZXqX7REFTfjGfdAETc
  anqMNEp+qQUXFKCptR9Ov3whXTxyxhv/b7SMToX8e63KY9cvbG6k4PGSACKHFurB
  6bpKkSnRms++ZvHWvmfXEjhrtkigjNHQ6E0Q2swHcwKH33AZDXOzQy2REswyNmQN
  P4VezoeVR2k1qyx6CUw2uzX7B3pGim2pLmvMmFLudOCBacxJAoK3kwFz7Ml5dOEr
  0qWRzraZLxqfCN9zqO9EtEs+cnmCfWXGdHpK7EDLJuFJL1TSapiZUdmU/Zwn78GG
  TJ2WYTminQhoy0bOsWUm7DspAQh1Mnyt+U2BxMaUHfHmEQZAp3CNYe98PoxHNBDa
  pNtz4BVPZRP6PymOQ4R8X13zxMGuFEY3yG6N9/Xs7vySmeMnNa4QiKGmyndQIBv2
  DmBLFUVA/dLg9gUq3VjE43TFH37eZSaHRqz5R2dFKEnMYQsjb/k4mTzjBxJFircf
  ziPp15Xg43Fm2ukzz/6LofiDJWp9K779mywyx0wIP1BUKmzNCWWbPKk6W2eUxuGi
  OCiP/vtLB/0cyh6S3fnyiex0cfLWQqBMn75lJYWMcL2q3oyv9nuKmUkKxLGQl4Wo
  aDlza5wU2rJWQvEMi8B7tLDFy/vI2Mf3c7WOn0h/34tbe7AH+OgCdNK8J2Z1Wa71
  D7NgH4voeW6tRIplwZHsV7/5Hx+NuiiXuAvbgipjlBfvz0ga75FSij4YSOS6ovem
  frn7duDBSVo2aXzkEYapSqJH2najnZ07u1lSy5cAilQBkWOnNe8WQh/IcW1Bc2oH
  AZhxzmpdjiJii8XpWBQh5fFX9hsTZdczeR7/7gMhdz0UWbzJWkDuHaET4oWl+srZ
  9pu/oSxGWqvF8TDgEtx2g/PkR9sElOS0udHaZ3DfHnxvtqegbVYDn9OBbtkIntcZ
  AIBeHVetIA+XfYfkpf5yZTUD/Ecz1kOKyYTWIal1QxTfjRlWIBSTr2fwddBoxPHo
  3zn1vSlzPqIRoR44zEE09UiyTCrYResFdOkz7bcV8LQjk/h7tHt1McDMViHXkUl9
  VBV8beIFu7nvSmbCcPm+ZEkdG0n35S6R5UUdnxxoEY9+CDJgxiV8pe1iuALg81r7
  BKPN3vFSjfzvW+ep6ihVxLuJ0WrhbGcQ/eWa8pNRdQKj0V8tKskRH+T8eWdew2zq
  peD9JT+YS0jRbTJYrgqGuowuglnyUHPutCROzgLzbXWfX5QsKwZxGvCsGXYhHZnN
  VByOmnnUjtV2xnutBPYxOhrMFCQCEUtVh5O6qGpqk/r9cinWVT08wU2mD2NmSrCk
  ojGrxQQnakz5ULwmrM7pRecdVIchSpQxXeEPyiIUk4tjZBhemI0eglVHHU0O6Gkk
  zdRSLYbKm9+j760r68V4HzCLeNjyRTQcE//3q58ZP0dOU2i76ovJQinOvTBIhle2
  f64tF82FixvqgN92+vSIkwgbnGbkd5n4RhsMQ/MYgAho+mo6HUnmrjAsmjbYmoHP
  +wqX7Q7cEa8aIKkLOg9PDauTnLOwlqbvQI+3upb+mitzdTw4dqnVZy/7oS0hYs6y
  EadhmnRBoje7Y0CLJUsWZhLxSN/L5zVjvt7HGBlbGPdbyIVczu46A19vzomlL4ws
  dG+6HWDUsuXWidiuMlGElu4RgMacW2EHQSu/W2BIdQ3BDm1uoHRUv4cebb5jueYJ
  HO087Perfp6wLMBKHzpzq04t701URoGgPtdE44kNv6CbLux2pL5R/Cr0dNHWcf80
  2568WZCafLf1vxJqnag98wcJYDrjZNHxz3OYqadlF4de68nibqEQhJWzzJEnPnzS
  Yuq7e6PquoHKqEjgytmKgMe87/TY4nJCB7/L+H+2VVpSZtC36mJ5Bb80DMpDSFbI
  bIJE+FyrHM9A4qox8+4zroSsOUESXiwmocXucHCF5pI3QCeED5Kvpc3ZfbdklvW7
  hoBPta+9B0v1eyXiean7FObP5TWzGdYZhHbdyVmsgeH6kgfu87bneGMS/3SBwRO1
  PS/+AoBSq7H+DlYHog7YWOI/8ZiodGwWmyEczyckZYH7un5pUsMxWgFsI+P5VfNZ
  OBdRaEdU+oyLJHcNU4fBm2PRIJsYujlfn0V0U60aC7lS0glej+48SaFXvz5wHzdP
  M93jy0qMVzcgWe4eFc4aKr3pj2Y2hMy/QW6MEi9YvsziL0oIpgD0VCfsgNuQIIzE
  Z0TVmdAILB2PaCLKvLNoyZTxeqiytQVx9WGjpHSjnOZBnMaCSYtmTsE37SUllXio
  wHrUZVao6ur+VW54VwxG1rEx/+tScTujBZH2r73LHYErb9MCNNkQ67c1QG4Ju5Ce
  dpigSLUq0v6/0dgR99ugTGgltBD0RkHA19EKOHSAk4riztyQl7Pu5MLL1fgmfeuK
  +QyNsSfxI7KH0moKv+N8UBh6Cwe2xclzdl/IDadwi6+3ImeNcEOGVDVfaYjU4vsH
  iEWdNQksw761jrm7vDG/8ZQgEK0cUyPgpM+LOnnxHKnQq/JzM78OOTYDjFvoUpQV
  2KCuVosO0Z8XBpVvto20w3M835s5qTaVOISlNpl/tXgh20pob0+4nfQEsgQ5cH60
  IdmLu5W1eizM1i3Gt7TGpHqbvY+Um3SpZXKx/mfDJeu1w3La6P+pURzuvO97dPnT
  nowZk0iq5hOBRwR4TbskIgBkW3blKIMl4bJnVi3lkocW5LrXaOKHyqq0ONDBkCSm
  ohd0AFPQ6nNEj2iHewdNVne/Q3BSD93h2NAjh4xxPePpVhxE0Tw0OS0XwQ2103Tu
  0ZjjQlnHRedeXDJfabMbVWepFVGS/5cIxREi0QiJmros+Gr7SVnCDigeIJeHiYhI
  uiCpvJXPEh38eHsDXSpN/KdnH8kUZUrHd4lbMZpNJ/dCixpJ9A/Iyx4HRimVR32l
  X9opb/846sC30cmWVUKzIhkYsAo5b/6H55s82WUSyapD+RWCACW4qfLkWuRuit4x
  NlWrEWjiYGvqgczkUEIPK9k26RaxZMllHsrClA57qHcYILSeqaJWTVg+0gIY3AaX
  nYjEhMbLbfHV5RCToMEbe01zqVm8GioD9ysFCCAQtaEIm0vr/+7u9jVQeZFpOYoV
  wEZ7iEYXPR13SfhpGpb0BD3zw5JClLWH/km6nqu1FPfYE1BbcMWMr8G/lBwBURsw
  /0S/VT8SZDGKM0Y2gmh0tbEsIAmLwnxJxZEA1F62KWGq9OXdHBIziAFFkZGyV+LO
  Jlw+tJGAXzSQYGXOOfYQQ6pelGLQUt2l/+b4OVhl3Y1xN38LDvwCPdlME4iWFIlY
  NC6MbP520nUnnf+LxvC+XG/rXtpH5vr3qGXl9zinIqKWY2OdHgQsypBmLAOoRjrf
  Rb4OdH5uaUhRB+NceZ5sU24gxmkekkw9thdIW1p78Wj++ziF0qq2BZT9Q93gFb7R
  cEAwvShJnb2Rasvoab6m8Euf7Wrr+ScD37C2o1e5KPYjYg9NF4/DdurLklr5M2OM
  TNcJih+4skfV0eP0pEDmBTymuCt/MwB8zp5Ov57RxKhHBAK0zqF1mrkWUtSEZYXl
  Q5Jylr6RKAyITgn4OBjYMsonqhq3RWHY0EA3uuVdXmrGlJYw+kD6VaCr3FpfyWFZ
  oBcAfpS+1zqM7cFlUIhdK9yJNVIpJyER6FeQN35tjdar+2Oi6hLU4C3Pm/Y56yj4
  Jw7FMOXkPA8aHxz4WNJckZDgyL5+xpJNs+iqrw+DfMck5TD4tdIA7b+oZhFUlwFD
  MpfD4i/RtSqyQdhC0CuRVglR/z/wz9CHRNK/kR/vizlSZw4iD7IkJf3hP0grmu36
  u3gYhD4q3Ax0Y5JzSRyRUFuKb9SfGvewtWXoi+VgCLecYidXfTLEL72sukj7cLpe
  Ysoendb/SgKFo0fXM+F1gjm0KVb6FYRjAgS5QOccy0p6guVlY2FJriTD9/Y73Hjd
  LdRFMNWG3xQbnefxUwRUKF+1mnJoUOdll48tl7efLPaixy6a1X6xZrjMfkxpHokz
  1U1cvhj/k3t8CB7WOYe7MUjpcKop+owuQ5kpcf4T/maBYBd8m5+Sosj+n1Gh7UQB
  FILVoqV0TTPE4F3Mk3HlMY/xrfc2DqZIujzPLaFXJRrNP01ES4iWceaGowOeSBZm
  JG0VfZluV5tWXLpFqaBNG2RiYdKlbbqNlaK1Y9qkhdENdM/C5zKY3YnU7IQs8/D/
  qTK0VqBJUUJtOGd9siYlhNKHG3pUWlPXYdXd7Pkjm76xe27vlRX1Ql3TzTogk54z
  0FUtlgmsKd47BKGGSXEvtr01TCAan+4jtWq3zihaeQ4DCJTWd32gixLOzWDz0/FT
  6n7Bqqqdhyfcf8sOCp6rBBQKqNWphJc/Kr0Gpwo0o4oK9pG56AI9IWiZtAmtoMQO
  YP8CV8o6qpEtz1FpY/p2yz8/8d3hHNYG2VyHjKbOMGf0JaNfy4sa+D1rsJDbSoKk
  cGR/rp6nc6dVBF3Oa/eNZCUW38J4/lM6aX4hEG8eyLuJA8G4GA9EKn84pF1ZXKvx
  YWzT+04dxn2LPLP3B9AkogguGGbEEhujXLElo6660rc+ceZ9c/RNXCz4pb56YzlX
  /39a3ka27GL7dnaA1tU+91Li+vF50gBL+xfO4D36/q5FIvl6RhgXsQdttrahJMK6
  NZPy/hbyXTuAyYoTq4oJd73K9Aas5ePSlv2HG9wAOkRmtztaF0lA6x1S/YhN9D6o
  XNNaJYpqDZOaD3cIvKTnfVsvb/71FnzSnKFKfceMDqywHz8F88V1GwPLIV35JvOn
  CuiDHrwfRgaKQyDsliaFPR2ET49V6w1T6bnvyUHgb/mcayiZ6xz7B9aIEGiOA6GO
  L9OI9OCftkwF2v/OrVJPUNwhRIGo9UqYGiv8V7lb9fWvHuHmDty9yHwwPs9BTmpm
  9OBCEtV89BZONGBZm79kj2ux7DzaExL0HpqFObiIk9fSaLiNdv4a9DZMobTReV/O
  3S5AXr/CCz/UFKdQLkn+Wfphc8+aMZvDwvWhJM1B45VwFRau086b12G88AfC5f2b
  rVBBnuxy8EnQaFe1de2Y1BxaN088ahENM0o5pP35xikomfAxM9lt6bzUd1eKjdcn
  QP+Nqf5CbbwkM4+wTSbjUhaGG4rFhtCMQJGQlhUBgCuOOymnuOlIlQk0542S+Ia6
  jhsO5Lv/14oWOJPKmR14JkT7+Dz7IfWZnExWGT17OgwrnSCaZOt16/0udVOAztZr
  S3DMMQydrigX+djhnDu2Wu+YphsOSQ9EyuKa9S2C2QLa7Hkon//C+5AQsJU0L/0Y
  5BCyzzkeUsX/S/wSx9yVhT+zKRALV8os7HZGUw+TsFYqqKA2tmRbwJZym0dqyw9s
  4f9gwfHkVE/ZWIEK5Fj5iGAByG/ZtT5OtMblcxQC4f9xZ1qjJVDNflLvJ1m3/JdQ
  ogeoZVf3IdilfBrZ9azTGo/ekEkWd6DQlYL3NXUG+RbQYmGmlbfWSl//Pfu9xg5H
  s+zYnZYIIBq0M/4nXOL2icGFC1oNRZNHdfIrLPGQmEsT6iG7+VHJuCCT20BgIehX
  txvgZqteGbhChEaIgtTAz03kxMnR8HcBDa083WFf+8CHmgf0u+eraA5CGRzhS0oi
  B3VGb7yy3W2aTzn8lcnFV+Po5PFSwn0mK17wAB7JNSS8SQGTHoRUgvPBXsG+9d/+
  IO6KKmD5PoUpVx12e6cL1QpwUgrJgixdHBWCVr1EuCRZlT+nZ2YM7I9x7jhuMv4F
  x16bumFQI3EY5xoxPe57Q1G6xPehjtrg3V2UWVuTrBEEHBXVCt5FLgA6o4NJHHjz
  hZ62otBOSaYf7JgN15lM2PzKGb4VnXpPsgmYtSvbPoC0MjwIFRdVIBtFMZYKbM7O
  av51+pYpNlrvoK13RL8/NfV1SKqlrEwItRLSL42e8swgSZ66ZMGPS2Ws0lQ6V0eY
  sCPyyQpTnyY9TMg3yxohGRH5WRoOqLfUpg/X9EAtroVXQeNcmuqjA+RzqSKg8b4t
  +3U7w8AZCLYa7BnhiIYStU8xbX1c6u/s86A2MxqE5iE77ygoaTWCbsrIBsRJZ0ho
  rdrR4dxgg7uc2lm1GZqcz4UVtdNbmNloLbwhOq28EVKHKoW274jL0FUMap6e+B7X
  V1PLgBp3F1F9hofWrO2TQopxGeTU/LXsJlCQCfc/wKo92MWpbgcDDnyih+fP9yq1
  PmiLAN6yyBp8eQ6hL1rDPqgk3/gXRbRMXSwjRVfyp1H7pjQLthoXFLyptuDF4cjN
  O30mIkGTGjbeueA3d6XX53aRku6EQbVx1mTFe5kOuRrNcm1rywtGIND4jG88D8We
  59NM7FJn58F0aQW5Lkk/MwNYTk9xhgoyds/ibotLVl1L3H7V5+miNlUgDC7o9ujz
  cbrjMtvpoMvbUJme3M7y0rrpOK/4mSvpq+L731gsWc6bHSSH956JmMDhwS3Qwhzk
  B8y3mKy1JPQNFL1tO8fJm//0lP+8DcaRTCiniJhzTw4eYMUedkPhTwTKM7GeFF64
  thmjgWOrnio1SMVfwmcIOo8lcZNMO09ph7Wc0YbikZ2ZysYIOn/FA6k4MTz8bGCb
  Y5Y3TVGws4//D2xsC9BcdO17o6ZNowM0aIhO/fWfFIxcc7VTP5cOZZ2UcRRDhSTG
  fni15D0U7IHylBxUtQKuJ1BVy9/uzZw8jBR+8uPUMTERlu20Kgd4UN+BSt7p6z6A
  baYHPTi/H9QYToXarVygieKZkZ5CRRnDpqcuZ6+rs7jNvUI9ZrBuyep03kVkg/C6
  gyQBDprmRNTeuTM+LVym03ahicK3EpZ0yTHiJnJPECEu45QtK5I09ZsCRBKfPZw1
  7kRVwZab0xDEWRyVKptmtTr3IlyhW+LhRdYEiSky2+jkPhq062NBfty3uX5eAOn+
  VlOo6Vs45v25qx5JzSKPY2K9+jbVhR4c1ObcBCQLKdkyG1A27JVoETdUsvA7lg78
  BbDwMR84/1DrwAuv8BHgsh+GxTBBidjuhchKz6qVyOZm80iZIs4+teLTl4Er0gbX
  Pmqn2TlWHGchw4vYaOsPhNe2R1gu/X5laZ+UJMTuibqm8VVJnvPOpssFxKfplVnc
  EZkurdwiT4yD/O9nJA3HVxHpl8YDP3qDR/IFHQrssPWXCukBhOOWK2qtJahMgV6R
  f8J85e4yp6Mpj3K7FmDEQL8ONIFsdmJaoEhhL9ZjariEY+WFZc2t41Bb8ciiVxc1
  Rz6ekl/VgCkDE2HGAIg16LSce74wK2MQoMODo7S5N5JVrpDmfRrrYrKjSB12DMQ+
  QOE0WIWa3cCgj/XDJ/XpJmKWOwZBlA/O/f0qJ9LFpT1qvAhofw+OCjJTul8FriKm
  GSbEdxQJ8baPQLE3r34ki7wwJOnnLqMsAOq6fdczZX1w1CDOQKwMePAqEb/2kuuf
  GxQxB+cp40LSXMRpjwit4blHMOmGEPvNgS2trC7m+tYrZj3oN2uG4JdXkHBHHDP3
  aQcisr4tNJnWl4JGjyuPXMafDYO5c653pcU/JPDx51hwbqq8RcC+1IWvpADxoR9u
  R5fYh89spICuq0mF7w5zJ92fnl5bIftcgu3MCskBhhRBzE/fRXS2dmQKcywm6i4V
  obhp75+JraPCZQ8F1mvyLjlfy+l45aE3ewqdBgRPFRB9N7nDQR+H2rFyhSxLjxQ6
  65KI19WzA2w6o6lAiE6QS25PMZ0pSeRHzx9xZWtP6SA2FIt1fs7SE630jj/mTKCh
  6JrxcSroSYTu6ON0amdEHh9/qxYAbnGwCdJ5kwJukur9R0HOtERnwywt1SjnYvtn
  ZkXoBQvlOmqe9L8vAPYwThFRq/hcC1zkp2xCYNGE8+cXMpuuXyxz6vLboprPBX73
  bzLaqy2zi3vmSP95Zucpq5CtRJ6NfnQpoQmrbZBVQvSxVvHlTRQJIrOuGJkeWD/g
  mNhmYp17X0dvBZmvZ8DfYHsRjSNZPmTKQ7sE2jYgWECd5aIgvZHypn9KmE55Tvr9
  1xvwmQ5Ak3QaEY19JLzBIaJ2zQd7jsbZze9uBxWmjs8SEXoML0r1p+uq7sP8HQoT
  UQlfBvOmzHWWEB6p+0KlaqeGC+bRfe3JQNPSs2tw/ZHgKhWvBVRLiuoUFGJj9SsM
  TeHBVSaoZDSxK7U3WBeMF2wv1997nWI6ee9o5iVRo1PSmZ3bJ8lxJu4NF/VY/p9R
  Ibu4VXSlJQ2dsSoIVwTZamSyORfC9Z8iPB0bzWQmbRRtLkJJ54vk1dplUKEG6Kgo
  FRl8yfsR6ZS/o9fd698X0P7kgInVl7yMX414T0SApq0K7n8mh9jJBjUKpXFVCYIO
  aLBlqYJ9ERe+rSnvtopgny3QOkk0ER+Lb5xrnSrz0rrGRvT9GZzSA2YWjf6oPVlB
  ESh7mYGs/+61JO4xsBeOcpt5a5LWRec8inAAlvWer1semrRNpNPiiJiqAT4Rb6eL
  bjCNA2XT9X4jzHa9drZ1mf33kAzofE2G2QBPQJIwBf3fmpJOuYGgnuqT9Apv6pI0
  JCxFplY6SrM9/4yh8S2kJ2JsjKef/TPy/+N25oN+zWLmcL8zTusK6uznbNx7ITyi
  Qv3Au05OdW8EJekOHYaLXEK+L1vF2/Shvj3SB50GHYy1gASumalreJaBWFYJV2hN
  84lOLKkzqAp+tS1PhRKOM47sj2GWCYtN+6Pq70anqnHG9QOSeb7JYfYcA+HeCIwi
  ZMcwrXkhzNkIXALwxWAAjaw9VFWZ/nHsGMq7fXYI/JwiyyillxLZlZtYksiagj4t
  kydOra5FqZ5VFz+BIjGTSgV6/oHCtDrFBwINCi8GZSCJsuJSZkN+TsfKVE58oZZa
  KUJt0kCjtf1QE6ntyQ2pEtJ82Jm6g2ckTdg7i2HEfdVj25l2dhmSxqa4lB6mq6Gx
  DDc+uyTRdhe6m5v2K9p5BeOG1h0/oBK5xEfMXm9sxgjqmIb2bCiaxmUPSdq8eyqq
  Znnt0UajTXqsuZW5/QoV+q/BVNxjI9koelFzUcpoQYmH/5owNSr7c3xSoeWq2/pg
  gbROO9Bm2lV80pYf73pvJAD8DcWqlSlk/iBOqo7a0+MGovlY8ErlwF9GHQ4CWohe
  /TaYVTuZEutOPU5dfoC+hkD1SykGQkdkdHmwWfehaatxWej7nxx7hA27eW/wvJW/
  D360iKkzc1vkDn2UWLT1D6FDE2N5ZGJu4+BjxBz30Di3ZtpEr+71C1EZKy+bBAhH
  cAtetIlR71SWijlJpuU1R9ANIGnfcoLVcL55xLxuzDor0utnGl6u5pPl4bNnYh9N
  Nt2nX3iDHHdqEcBLuwR0FirYRMfGicr6fV7wkvmRrQhbQvMgYAuE+etnsKG/0Eb4
  VLQob3PfBBg4OJY5yrVm/W0a9GMVWoMIutc952hHMo8VDQ1/UetZikN7YjkcrNvI
  0/fkugEAzuMOKEB+JFnrmOMnwotozQLM/PNfs3zKSfFzeg4/igqODGLfib5c0JDv
  6Tk4cErDnrh9rHuxsVynffoO8hZaougV69CXAnTYOwqgj67gxEl+CXiIG++87ShP
  y+LLMx8a9HHylWsLQFeydqoKEXtkRG0SvDH0SmIqCzHVq6CFmytaO3Offw0Zuhvd
  fQimUi6t6AzTLyB9VRD0svZ9kFPfEj4ZrCWkEe01VTR+mT12B388SIfq5snwqjsZ
  PgDOPnTiZmrNYVotOVsGrQ/fEToSUP9sQO3WsNe6mggcKo9qX/qNLcSkGIhSKyvC
  og/8Yb38UuHzQm8PMAMt6rqZ5cJDfS7j3UgNF1SQ9M5Y/t7Po9YVKajX+ozRz/7S
  tMLzPXwn6i7q4+AcjEYEaTOFtMx+khpJoZz6hwqtgKV6LfpM+mB5X2x/7ZiXbGAc
  EMDhFgC0e2ROtwdjHiVrlsX++UWQdKME++69a4Zndb/6XVFT6MYyw2Y3J2xtfEpt
  8JmQKTlgDc2NVRnWVm0TIlM/w3LT/eB/CU/gCIM1zqEPnGaS+yE1WsEe46JTGs9e
  jKGJda0/NFRntBxKFf779vHQZJFYwXORZD8xBtsu/ncc29hoBq/IcDi2SnYZKdJd
  41FFlD1gSrX9yNXrlWtsq/2AVRMwsxe/RFzsvUh5KtuqeJjwUBNROn98UDB1JPlu
  0RST8exiZi0V5AnoM8YYvFvQp/VpjbygQxsbbOfNJrGN2vRgVuG0OZCmTxqiCqyR
  leVhqX5c/oFXblr3j5CxavKdCxGULMBKxStkVydM+G5/TAK0JV4Eo6XwKgJDBBpL
  Y9R25lX2zgoXK/RkVKblGVkvZQ3szefn4PSTEwOnoMeTRARsN36KrBiMtjHenMEh
  FAvv21O7aTIE1MTtFxpKppnw8enhqm1jKekjwCOO7m0I5doUyAhjQDt+Sczj2ah4
  7F6ah2J7R35WTxiUPrjhCkc2eR/fvAjc4B/tfR8lu6smdK4lZwCHIZAY/lDDYyUg
  c3G+xpb67WZfVXng+fXsjLUjkPoNCILxJW5l/CpsNO8yWs/F1Iscsj5ITD2H/yMD
  eQoU4HHYYwwgP1e/6sagE9m7XgeGdsuSVhWsEDgzo0CuXYSax7vbZ36LqRDblNU4
  hcWjek5tXW/qidq5oXm2/S2ZMHrokNE5H86fIfwISTb7r1qPnjLWt1EKR0RVEEBa
  uglhdz1MEhBygYgV2mDZCdKxSuYXTLhG7M9aFAwNIs5aZ3Z0fCpuYnzLCIlHkXcQ
  Dmze7Cpr4dWcpvkeA8fYBJFZWPaVwbPLrYhlwzV7LViUxJ/OA2ieUEOA68MfEzaI
  9z3NHmltZhIlJcpvF4YpksiJLJMMUEU21DHyaKjuOln3VsR+yxre6oJrYtuNpYKG
  xAKDgoFqhBJ8iwgDW+kt+ljhoAyM73ECnWohkrHVtJUbWptUg9uv9l+8TBQwv7HL
  Ce9fIHFBdhu5nGMOdmQn4FvdE9CkFwFhc3/+ouNccYGXoXxxebk62WsKF33vgDyp
  uWypl77jWEJB1RtEFl/A0TyZ8DOvp3xplFr08j8tZp6vLeR2+wCWsgwNMkmjC5iD
  2QXz9f59kBIgtUguPMbpZw9eWUzz3bHJ/FX4GewCL+GbyM28KoNOjNCSRv/jKQQo
  mAVpAIgLs62a1Kq3iZWEfbkMGSFG3cNK05JKMAb2ePHQTAjmNepZxhFZrsrqVObU
  dLIUK6v/YHH6tp1WquVQdKvcll3JuatYa3oTFMG+Gk5CfnMfa/Hb4RUL9ntSvMIi
  p1CloRXqwNqmTWwHmXjj8Ffv7RAOjAytlfjiKggsEy4W+TADDiBeH9l91gqHDdbk
  h8w3kWympFgLrbVRjVCl8f5liGhxf7zoP52RX6+GwbPMhwXMYc29Q7t4zXjgagFR
  
  '''
# ---
