# serializer version: 1
# name: test_normalized_lifecycle_payload_is_stable
  list([
    dict({
      'argv': tuple(
        '<path>',
        '-c',
        "import sys; sys.stdout.write('beta' + chr(10) + 'alpha' + chr(10));sys.stderr.write('gamma' + chr(10))",
      ),
      'byte_count': None,
      'cwd': None,
      'duration_s': '<normalized>',
      'env': None,
      'env_mode': <EnvMode.OVERLAY: 'overlay'>,
      'eof_grace_s': None,
      'error_type': None,
      'exec_id': '<normalized>',
      'exit_code': None,
      'line': None,
      'max_rss_bytes': '<normalized>',
      'note': None,
      'operation': None,
      'pending_readers': None,
      'phase': 'plan',
      'pid': '<normalized>',
      'program': '<path>',
      'project': 'runtime-tests',
      'resource_usage_mode': None,
      'stage_count': None,
      'stage_index': None,
      'system_cpu_seconds': '<normalized>',
      'tags': mappingproxy({
        'capture': True,
        'echo': False,
        'echo_stderr': False,
        'echo_stdout': False,
        'project': 'runtime-tests',
        'run_id': 'bdd',
      }),
      'timeout_mode': None,
      'timeout_s': None,
      'timestamp': '<normalized>',
      'user_cpu_seconds': '<normalized>',
    }),
    dict({
      'argv': tuple(
        '<path>',
        '-c',
        "import sys; sys.stdout.write('beta' + chr(10) + 'alpha' + chr(10));sys.stderr.write('gamma' + chr(10))",
      ),
      'byte_count': None,
      'cwd': None,
      'duration_s': '<normalized>',
      'env': None,
      'env_mode': <EnvMode.OVERLAY: 'overlay'>,
      'eof_grace_s': None,
      'error_type': None,
      'exec_id': '<normalized>',
      'exit_code': None,
      'line': None,
      'max_rss_bytes': '<normalized>',
      'note': None,
      'operation': None,
      'pending_readers': None,
      'phase': 'start',
      'pid': '<normalized>',
      'program': '<path>',
      'project': 'runtime-tests',
      'resource_usage_mode': None,
      'stage_count': None,
      'stage_index': None,
      'system_cpu_seconds': '<normalized>',
      'tags': mappingproxy({
        'capture': True,
        'echo': False,
        'echo_stderr': False,
        'echo_stdout': False,
        'project': 'runtime-tests',
        'run_id': 'bdd',
      }),
      'timeout_mode': None,
      'timeout_s': None,
      'timestamp': '<normalized>',
      'user_cpu_seconds': '<normalized>',
    }),
    dict({
      'argv': tuple(
        '<path>',
        '-c',
        "import sys; sys.stdout.write('beta' + chr(10) + 'alpha' + chr(10));sys.stderr.write('gamma' + chr(10))",
      ),
      'byte_count': None,
      'cwd': None,
      'duration_s': '<normalized>',
      'env': None,
      'env_mode': <EnvMode.OVERLAY: 'overlay'>,
      'eof_grace_s': None,
      'error_type': None,
      'exec_id': '<normalized>',
      'exit_code': 0,
      'line': None,
      'max_rss_bytes': '<normalized>',
      'note': None,
      'operation': None,
      'pending_readers': None,
      'phase': 'exit',
      'pid': '<normalized>',
      'program': '<path>',
      'project': 'runtime-tests',
      'resource_usage_mode': <ResourceUsageMode.WAIT4_CHILD: 'wait4_child'>,
      'stage_count': None,
      'stage_index': None,
      'system_cpu_seconds': '<normalized>',
      'tags': mappingproxy({
        'capture': True,
        'echo': False,
        'echo_stderr': False,
        'echo_stdout': False,
        'project': 'runtime-tests',
        'run_id': 'bdd',
      }),
      'timeout_mode': None,
      'timeout_s': None,
      'timestamp': '<normalized>',
      'user_cpu_seconds': '<normalized>',
    }),
  ])
# ---
