# serializer version: 1
# name: test_run_profile_plan_snapshot
  dict({
    'fixture_path': '<redacted>',
    'output_dir': '<redacted>',
    'perf_call_graph': 'dwarf,16384',
    'perf_frequency': 999,
    'profiler': 'none',
    'repeat_count': 1,
    'scenarios': list([
      dict({
        'backend': 'auto',
        'encoding': 'utf-8',
        'errors': 'replace',
        'fixture_path': '<redacted>',
        'mode': 'echo',
        'name': 'echo-devnull-nocb-s1',
        'profile_dir': '<redacted>',
        'repeat_count': 1,
        'sink_kind': 'devnull',
        'stages': 1,
        'with_line_callbacks': False,
        'worker_command': '<redacted>',
      }),
      dict({
        'backend': 'auto',
        'encoding': 'utf-8',
        'errors': 'replace',
        'fixture_path': '<redacted>',
        'mode': 'echo',
        'name': 'echo-textblackhole-nocb-s1',
        'profile_dir': '<redacted>',
        'repeat_count': 1,
        'sink_kind': 'text_blackhole',
        'stages': 1,
        'with_line_callbacks': False,
        'worker_command': '<redacted>',
      }),
      dict({
        'backend': 'auto',
        'encoding': 'utf-8',
        'errors': 'replace',
        'fixture_path': '<redacted>',
        'mode': 'echo',
        'name': 'echo-pty-nocb-s1',
        'profile_dir': '<redacted>',
        'repeat_count': 1,
        'sink_kind': 'pty_blackhole',
        'stages': 1,
        'with_line_callbacks': False,
        'worker_command': '<redacted>',
      }),
      dict({
        'backend': 'auto',
        'encoding': 'utf-8',
        'errors': 'replace',
        'fixture_path': '<redacted>',
        'mode': 'tee',
        'name': 'tee-devnull-nocb-s1',
        'profile_dir': '<redacted>',
        'repeat_count': 1,
        'sink_kind': 'devnull',
        'stages': 1,
        'with_line_callbacks': False,
        'worker_command': '<redacted>',
      }),
      dict({
        'backend': 'auto',
        'encoding': 'utf-8',
        'errors': 'replace',
        'fixture_path': '<redacted>',
        'mode': 'echo',
        'name': 'echo-devnull-cb-s1',
        'profile_dir': '<redacted>',
        'repeat_count': 1,
        'sink_kind': 'devnull',
        'stages': 1,
        'with_line_callbacks': True,
        'worker_command': '<redacted>',
      }),
      dict({
        'backend': 'python',
        'encoding': 'utf-8',
        'errors': 'replace',
        'fixture_path': '<redacted>',
        'mode': 'echo',
        'name': 'echo-devnull-nocb-s4-python',
        'profile_dir': '<redacted>',
        'repeat_count': 1,
        'sink_kind': 'devnull',
        'stages': 4,
        'with_line_callbacks': False,
        'worker_command': '<redacted>',
      }),
    ]),
    'warmup_count': 1,
    'wrapped_fixture_path': '<redacted>',
  })
# ---
# name: test_run_tee_profile_worker_snapshot
  dict({
    'backend': 'python',
    'captured_output_length': 9,
    'exit_code': 0,
    'fixture_manifest_hash': None,
    'fixture_path': '<redacted>',
    'mode': 'tee',
    'repeat_count': 1,
    'scenario': 'tee-devnull-cb-s1-python',
    'sink_kind': 'devnull',
    'stages': 1,
    'status': 'ok',
    'stdout_line_count': 1,
    'wall_time_seconds': '<redacted>',
    'with_line_callbacks': True,
  })
# ---
# name: test_summarize_folded_snapshot
  dict({
    'top_inclusive_frames': list([
      dict({
        'example_stacks': list([
          'root;parent;leaf',
          'root;other',
        ]),
        'frame': 'root',
        'inclusive_percent': 100.0,
        'inclusive_samples': 6,
        'leaf_percent': 0.0,
        'leaf_samples': 0,
      }),
      dict({
        'example_stacks': list([
          'root;parent;leaf',
          'root;parent;leaf',
        ]),
        'frame': 'leaf',
        'inclusive_percent': 66.6667,
        'inclusive_samples': 4,
        'leaf_percent': 66.6667,
        'leaf_samples': 4,
      }),
      dict({
        'example_stacks': list([
          'root;parent;leaf',
          'root;parent;leaf',
        ]),
        'frame': 'parent',
        'inclusive_percent': 66.6667,
        'inclusive_samples': 4,
        'leaf_percent': 0.0,
        'leaf_samples': 0,
      }),
      dict({
        'example_stacks': list([
          'root;other',
        ]),
        'frame': 'other',
        'inclusive_percent': 33.3333,
        'inclusive_samples': 2,
        'leaf_percent': 33.3333,
        'leaf_samples': 2,
      }),
    ]),
    'top_leaf_frames': list([
      dict({
        'example_stacks': list([
          'root;parent;leaf',
          'root;parent;leaf',
        ]),
        'frame': 'leaf',
        'inclusive_percent': 66.6667,
        'inclusive_samples': 4,
        'leaf_percent': 66.6667,
        'leaf_samples': 4,
      }),
      dict({
        'example_stacks': list([
          'root;other',
        ]),
        'frame': 'other',
        'inclusive_percent': 33.3333,
        'inclusive_samples': 2,
        'leaf_percent': 33.3333,
        'leaf_samples': 2,
      }),
    ]),
    'top_stacks': list([
      dict({
        'percent': 66.6667,
        'samples': 4,
        'stack': 'root;parent;leaf',
      }),
      dict({
        'percent': 33.3333,
        'samples': 2,
        'stack': 'root;other',
      }),
    ]),
    'total_samples': 6,
  })
# ---
# name: test_write_fixture_manifest_snapshot
  dict({
    'algorithm': 'sha256-counter-v1',
    'output_bytes': '<redacted>',
    'raw_bytes': 96,
    'seed': 42,
    'sha256': '<redacted>',
    'wrap': 0,
  })
# ---
