# serializer version: 1
# name: test_maturin_wheel_build_snapshot
  dict({
    'entries': list([
      'cuprum-<version>.dist-info/METADATA',
      'cuprum-<version>.dist-info/RECORD',
      'cuprum-<version>.dist-info/WHEEL',
      'cuprum-<version>.dist-info/licenses/LICENSE',
      'cuprum-<version>.dist-info/sboms/<sbom>.cyclonedx.json',
      'cuprum/__init__.py',
      'cuprum/_backend.py',
      'cuprum/_constants.py',
      'cuprum/_observability.py',
      'cuprum/_pipeline_config.py',
      'cuprum/_pipeline_internals.py',
      'cuprum/_pipeline_spawn.py',
      'cuprum/_pipeline_stage_streams.py',
      'cuprum/_pipeline_streams.py',
      'cuprum/_pipeline_wait.py',
      'cuprum/_process_lifecycle.py',
      'cuprum/_rust_backend.py',
      'cuprum/_rust_backend_native.cpython-<platform>.so',
      'cuprum/_streams.py',
      'cuprum/_streams_rs.py',
      'cuprum/_subprocess_context.py',
      'cuprum/_subprocess_execution.py',
      'cuprum/_testing.py',
      'cuprum/adapters/__init__.py',
      'cuprum/adapters/logging_adapter.py',
      'cuprum/adapters/metrics_adapter.py',
      'cuprum/adapters/tracing_adapter.py',
      'cuprum/builders/__init__.py',
      'cuprum/builders/args.py',
      'cuprum/builders/git.py',
      'cuprum/builders/rsync.py',
      'cuprum/builders/tar.py',
      'cuprum/catalogue.py',
      'cuprum/concurrent.py',
      'cuprum/context.py',
      'cuprum/events.py',
      'cuprum/logging_hooks.py',
      'cuprum/program.py',
      'cuprum/rust.py',
      'cuprum/sh.py',
      'cuprum/unittests/__snapshots__/test_fixture_generation.ambr',
      'cuprum/unittests/__snapshots__/test_folded_summary.ambr',
      'cuprum/unittests/__snapshots__/test_maturin_build.ambr',
      'cuprum/unittests/__snapshots__/test_profile_driver.ambr',
      'cuprum/unittests/__snapshots__/test_tee_profile_worker.ambr',
      'cuprum/unittests/conftest.py',
      'cuprum/unittests/test_adapters.py',
      'cuprum/unittests/test_backend.py',
      'cuprum/unittests/test_benchmark_ci_ratchet.py',
      'cuprum/unittests/test_benchmark_comparison_report.py',
      'cuprum/unittests/test_benchmark_suite.py',
      'cuprum/unittests/test_builder_library.py',
      'cuprum/unittests/test_catalogue.py',
      'cuprum/unittests/test_ci_benchmark_ratchet_profile.py',
      'cuprum/unittests/test_concurrency.py',
      'cuprum/unittests/test_context.py',
      'cuprum/unittests/test_env_context.py',
      'cuprum/unittests/test_env_context_properties.py',
      'cuprum/unittests/test_fetch_main_benchmark_baseline.py',
      'cuprum/unittests/test_fixture_generation.py',
      'cuprum/unittests/test_folded_summary.py',
      'cuprum/unittests/test_line_splitting.py',
      'cuprum/unittests/test_logging_hook.py',
      'cuprum/unittests/test_maturin_build.py',
      'cuprum/unittests/test_observe.py',
      'cuprum/unittests/test_performance_guidance_docs.py',
      'cuprum/unittests/test_pipeline.py',
      'cuprum/unittests/test_pipeline_stream_backend_selection.py',
      'cuprum/unittests/test_prerequisite_docs.py',
      'cuprum/unittests/test_profile_driver.py',
      'cuprum/unittests/test_public_api.py',
      'cuprum/unittests/test_rust_extension.py',
      'cuprum/unittests/test_rust_splice.py',
      'cuprum/unittests/test_rust_streams.py',
      'cuprum/unittests/test_safe_cmd_run.py',
      'cuprum/unittests/test_sh.py',
      'cuprum/unittests/test_sinks.py',
      'cuprum/unittests/test_stdin_property_based.py',
      'cuprum/unittests/test_stream_parity.py',
      'cuprum/unittests/test_stream_property_based.py',
      'cuprum/unittests/test_tee_profile_worker.py',
      'cuprum/unittests/test_timeout_resolution.py',
    ]),
    'generator': '1.13.3',
    'metadata': dict({
      'classifiers': list([
      ]),
      'name': 'cuprum',
      'requires_dist': list([
      ]),
      'requires_python': '>=3.12',
      'version': '0.1.0',
    }),
    'wheel': dict({
      'root_is_purelib': 'false',
      'tag': '<platform-tag>',
    }),
  })
# ---
