# serializer version: 1
# name: test_run_tee_profile_worker_snapshot
  dict({
    'backend': 'python',
    'captured_output_length': 9,
    'exit_code': 0,
    'fixture_manifest_hash': None,
    'fixture_path': '<redacted>',
    'mode': 'tee',
    'repeat_count': 1,
    'scenario': 'tee-devnull-cb-s1-python',
    'sink_kind': 'devnull',
    'stages': 1,
    'status': 'ok',
    'stdout_line_count': 1,
    'wall_time_seconds': '<redacted>',
    'with_line_callbacks': True,
  })
# ---
