# serializer version: 1
# name: test_run_profile_plan_snapshot
  dict({
    'fixture_path': '<redacted>',
    'output_dir': '<redacted>',
    'perf_call_graph': 'dwarf,16384',
    'perf_frequency': 999,
    'profiler': 'none',
    'repeat_count': 1,
    'scenarios': list([
      dict({
        'backend': 'auto',
        'encoding': 'utf-8',
        'errors': 'replace',
        'fixture_path': '<redacted>',
        'mode': 'echo',
        'name': 'echo-devnull-nocb-s1',
        'profile_dir': '<redacted>',
        'repeat_count': 1,
        'sink_kind': 'devnull',
        'stages': 1,
        'with_line_callbacks': False,
        'worker_command': '<redacted>',
      }),
      dict({
        'backend': 'auto',
        'encoding': 'utf-8',
        'errors': 'replace',
        'fixture_path': '<redacted>',
        'mode': 'echo',
        'name': 'echo-textblackhole-nocb-s1',
        'profile_dir': '<redacted>',
        'repeat_count': 1,
        'sink_kind': 'text_blackhole',
        'stages': 1,
        'with_line_callbacks': False,
        'worker_command': '<redacted>',
      }),
      dict({
        'backend': 'auto',
        'encoding': 'utf-8',
        'errors': 'replace',
        'fixture_path': '<redacted>',
        'mode': 'echo',
        'name': 'echo-pty-nocb-s1',
        'profile_dir': '<redacted>',
        'repeat_count': 1,
        'sink_kind': 'pty_blackhole',
        'stages': 1,
        'with_line_callbacks': False,
        'worker_command': '<redacted>',
      }),
      dict({
        'backend': 'auto',
        'encoding': 'utf-8',
        'errors': 'replace',
        'fixture_path': '<redacted>',
        'mode': 'tee',
        'name': 'tee-devnull-nocb-s1',
        'profile_dir': '<redacted>',
        'repeat_count': 1,
        'sink_kind': 'devnull',
        'stages': 1,
        'with_line_callbacks': False,
        'worker_command': '<redacted>',
      }),
      dict({
        'backend': 'auto',
        'encoding': 'utf-8',
        'errors': 'replace',
        'fixture_path': '<redacted>',
        'mode': 'echo',
        'name': 'echo-devnull-cb-s1',
        'profile_dir': '<redacted>',
        'repeat_count': 1,
        'sink_kind': 'devnull',
        'stages': 1,
        'with_line_callbacks': True,
        'worker_command': '<redacted>',
      }),
      dict({
        'backend': 'python',
        'encoding': 'utf-8',
        'errors': 'replace',
        'fixture_path': '<redacted>',
        'mode': 'echo',
        'name': 'echo-devnull-nocb-s4-python',
        'profile_dir': '<redacted>',
        'repeat_count': 1,
        'sink_kind': 'devnull',
        'stages': 4,
        'with_line_callbacks': False,
        'worker_command': '<redacted>',
      }),
    ]),
    'warmup_count': 1,
    'wrapped_fixture_path': '<redacted>',
  })
# ---
