# serializer version: 1
# name: TestCompletionObservability.test_the_emitted_records_match_their_snapshot
  list([
    dict({
      'cuprum_action': 'pipeline_stage_first_failure',
      'cuprum_duration_s': 12.5,
      'cuprum_exec_id': 'exec-0',
      'cuprum_exit_code': 4,
      'cuprum_stage_count': 3,
      'cuprum_stage_index': 0,
      'level': 'WARNING',
      'logger': 'cuprum._pipeline_wait',
      'message': 'pipeline stage 0 exited 4, latching first failure',
    }),
    dict({
      'cuprum_action': 'pipeline_fail_fast_termination',
      'cuprum_duration_s': 12.5,
      'cuprum_exec_id': 'exec-0',
      'cuprum_exit_code': 4,
      'cuprum_stage_count': 3,
      'cuprum_stage_index': 0,
      'level': 'WARNING',
      'logger': 'cuprum._pipeline_wait',
      'message': 'terminating other pipeline stages after stage 0 exited 4',
    }),
    dict({
      'cuprum_action': 'pipeline_fail_fast_terminated',
      'cuprum_duration_s': 12.5,
      'cuprum_exec_id': 'exec-0',
      'cuprum_exit_code': 4,
      'cuprum_stage_count': 3,
      'cuprum_stage_index': 0,
      'cuprum_terminated_stage_count': 2,
      'cuprum_termination_duration_s': 0.0,
      'level': 'WARNING',
      'logger': 'cuprum._pipeline_wait',
      'message': 'terminated other pipeline stages after stage 0 exited 4',
    }),
  ])
# ---
