# serializer version: 1
# name: test_maturin_wheel_build_snapshot
  dict({
    'entries': list([
      'cuprum-<version>.dist-info/METADATA',
      'cuprum-<version>.dist-info/RECORD',
      'cuprum-<version>.dist-info/WHEEL',
      'cuprum-<version>.dist-info/licenses/LICENSE',
      'cuprum-<version>.dist-info/sboms/<sbom>.cyclonedx.json',
      'cuprum/__init__.py',
      'cuprum/_backend.py',
      'cuprum/_catalogue_defaults.py',
      'cuprum/_catalogue_helpers.py',
      'cuprum/_command_internals.py',
      'cuprum/_concurrent_config.py',
      'cuprum/_constants.py',
      'cuprum/_echo_truncation.py',
      'cuprum/_execution_tracking.py',
      'cuprum/_idle_diagnostic.py',
      'cuprum/_idle_heartbeat.py',
      'cuprum/_line_callbacks.py',
      'cuprum/_line_iteration.py',
      'cuprum/_line_splitting.py',
      'cuprum/_line_stream.py',
      'cuprum/_observability.py',
      'cuprum/_pipeline_collect.py',
      'cuprum/_pipeline_config.py',
      'cuprum/_pipeline_internals.py',
      'cuprum/_pipeline_native_pump_runtime.py',
      'cuprum/_pipeline_native_pump_types.py',
      'cuprum/_pipeline_pipe_tasks.py',
      'cuprum/_pipeline_results.py',
      'cuprum/_pipeline_rust_pump_completion.py',
      'cuprum/_pipeline_sink.py',
      'cuprum/_pipeline_spawn.py',
      'cuprum/_pipeline_stage_streams.py',
      'cuprum/_pipeline_stream_cleanup_observation.py',
      'cuprum/_pipeline_stream_fds.py',
      'cuprum/_pipeline_stream_native_cleanup.py',
      'cuprum/_pipeline_stream_results.py',
      'cuprum/_pipeline_streams.py',
      'cuprum/_pipeline_types.py',
      'cuprum/_pipeline_wait.py',
      'cuprum/_pipeline_wait_records.py',
      'cuprum/_process_exit.py',
      'cuprum/_process_lifecycle.py',
      'cuprum/_rusage.py',
      'cuprum/_rust_backend.py',
      'cuprum/_rust_backend_native.cpython-<platform>.so',
      'cuprum/_sink_lifecycle.py',
      'cuprum/_stream_echo.py',
      'cuprum/_stream_line_boundaries.py',
      'cuprum/_stream_line_consumer.py',
      'cuprum/_streams.py',
      'cuprum/_streams_pump.py',
      'cuprum/_streams_rs.py',
      'cuprum/_subprocess_context.py',
      'cuprum/_subprocess_execution.py',
      'cuprum/_subprocess_stdin.py',
      'cuprum/_subprocess_stream_run.py',
      'cuprum/_subprocess_streams.py',
      'cuprum/_subprocess_timeout.py',
      'cuprum/_subprocess_wait.py',
      'cuprum/_testing.py',
      'cuprum/_timeout_reporting.py',
      'cuprum/_wait4_process.py',
      'cuprum/adapters/__init__.py',
      'cuprum/adapters/_support.py',
      'cuprum/adapters/_tracing_fields.py',
      'cuprum/adapters/_tracing_line_stream.py',
      'cuprum/adapters/_tracing_native_pump_cleanup.py',
      'cuprum/adapters/echo_metrics.py',
      'cuprum/adapters/line_stream_metrics.py',
      'cuprum/adapters/logging_adapter.py',
      'cuprum/adapters/metrics_adapter.py',
      'cuprum/adapters/pump_metrics.py',
      'cuprum/adapters/stream_metrics.py',
      'cuprum/adapters/tracing_adapter.py',
      'cuprum/adapters/tracing_memory.py',
      'cuprum/adapters/tracing_protocols.py',
      'cuprum/builders/__init__.py',
      'cuprum/builders/args.py',
      'cuprum/builders/git.py',
      'cuprum/builders/rsync.py',
      'cuprum/builders/tar.py',
      'cuprum/catalogue.py',
      'cuprum/concurrent.py',
      'cuprum/context/__init__.py',
      'cuprum/context/_policy.py',
      'cuprum/context/core.py',
      'cuprum/context/env_overlay.py',
      'cuprum/context/registration.py',
      'cuprum/context/scoped.py',
      'cuprum/context/state.py',
      'cuprum/echo_events.py',
      'cuprum/echo_observation.py',
      'cuprum/events.py',
      'cuprum/line_stream_events.py',
      'cuprum/line_stream_observation.py',
      'cuprum/lines.py',
      'cuprum/logging_hooks.py',
      'cuprum/program.py',
      'cuprum/pump_events.py',
      'cuprum/pump_observation.py',
      'cuprum/pump_span_events.py',
      'cuprum/pump_span_observation.py',
      'cuprum/rust.py',
      'cuprum/sh.py',
      'cuprum/sinks/__init__.py',
      'cuprum/sinks/base.py',
      'cuprum/sinks/github_actions.py',
      'cuprum/stream_events.py',
      'cuprum/stream_observation.py',
      'cuprum/tracing_protocols.py',
    ]),
    'generator': '<maturin-version>',
    'metadata': dict({
      'classifiers': list([
      ]),
      'name': 'cuprum',
      'requires_dist': list([
      ]),
      'requires_python': '>=3.12',
      'version': '0.1.0',
    }),
    'wheel': dict({
      'root_is_purelib': 'false',
      'tag': '<platform-tag>',
    }),
  })
# ---
